IQ-TREE multicore version 2.2.6 COVID-edition for Linux 64-bit built Dec  8 2023
Developed by Bui Quang Minh, James Barbetti, Nguyen Lam Tung,
Olga Chernomor, Heiko Schmidt, Dominik Schrempf, Michael Woodhams, Ly Trong Nhan.

Host:    burns-610-130.local (AVX2, FMA3, 15 GB RAM)
Command: iqtree -T AUTO -s bialleliconly_h43_m53_96samples.min96.phy -m MFP -B 1000 -alrt 1000
Seed:    580842 (Using SPRNG - Scalable Parallel Random Number Generator)
Time:    Wed Nov  5 21:50:49 2025
Kernel:  AVX+FMA - auto-detect threads (4 CPU cores detected)

Reading alignment file bialleliconly_h43_m53_96samples.min96.phy ... Phylip format detected
Alignment most likely contains DNA/RNA sequences
Constructing alignment: done in 0.0105097 secs using 67.42% CPU
Alignment has 96 sequences with 8184 columns, 4179 distinct patterns
4739 parsimony-informative, 3445 singleton sites, 0 constant sites
                                                                                                                                                                                                                                                             Gap/Ambiguity  Composition  p-value
Analyzing sequences: done in 0.00114951 secs using 98.48% CPU
   1  /SAN/ugi/plant_genom/jiajucui/4_mapping_to_pseudomonas/tailocin_2024_TF_Tapemeasure/2025_summer_paperfig_m57/data//all_fastq_h49/Ps_bams_maptoOTU5withouthaplotype_h49_dedup/h49_bams_softlink//109.NOR_1990.mapped_to_Pseudomonas.dd.q20.markeddup.bam        0.00%    passed     79.32%
   2  /SAN/ugi/plant_genom/jiajucui/4_mapping_to_pseudomonas/tailocin_2024_TF_Tapemeasure/2025_summer_paperfig_m57/data//all_fastq_h49/Ps_bams_maptoOTU5withouthaplotype_h49_dedup/h49_bams_softlink//120.RUS_1860.mapped_to_Pseudomonas.dd.q20.markeddup.bam        0.00%    passed     87.05%
   3  /SAN/ugi/plant_genom/jiajucui/4_mapping_to_pseudomonas/tailocin_2024_TF_Tapemeasure/2025_summer_paperfig_m57/data//all_fastq_h49/Ps_bams_maptoOTU5withouthaplotype_h49_dedup/h49_bams_softlink//27.ESP_1975.mapped_to_Pseudomonas.dd.q20.markeddup.bam         0.00%    passed     94.23%
   4  /SAN/ugi/plant_genom/jiajucui/4_mapping_to_pseudomonas/tailocin_2024_TF_Tapemeasure/2025_summer_paperfig_m57/data//all_fastq_h49/Ps_bams_maptoOTU5withouthaplotype_h49_dedup/h49_bams_softlink//30.ESP_1983b.mapped_to_Pseudomonas.dd.q20.markeddup.bam        0.00%    passed     59.44%
   5  /SAN/ugi/plant_genom/jiajucui/4_mapping_to_pseudomonas/tailocin_2024_TF_Tapemeasure/2025_summer_paperfig_m57/data//all_fastq_h49/Ps_bams_maptoOTU5withouthaplotype_h49_dedup/h49_bams_softlink//33.ESP_1985b.mapped_to_Pseudomonas.dd.q20.markeddup.bam        0.00%    passed     93.71%
   6  /SAN/ugi/plant_genom/jiajucui/4_mapping_to_pseudomonas/tailocin_2024_TF_Tapemeasure/2025_summer_paperfig_m57/data//all_fastq_h49/Ps_bams_maptoOTU5withouthaplotype_h49_dedup/h49_bams_softlink//34.ESP_1985c_S36.mapped_to_Pseudomonas.dd.q20.markeddup.bam    0.00%    passed      5.66%
   7  /SAN/ugi/plant_genom/jiajucui/4_mapping_to_pseudomonas/tailocin_2024_TF_Tapemeasure/2025_summer_paperfig_m57/data//all_fastq_h49/Ps_bams_maptoOTU5withouthaplotype_h49_dedup/h49_bams_softlink//64.GBR_1933b_S36.mapped_to_Pseudomonas.dd.q20.markeddup.bam    0.00%    passed     93.98%
   8  /SAN/ugi/plant_genom/jiajucui/4_mapping_to_pseudomonas/tailocin_2024_TF_Tapemeasure/2025_summer_paperfig_m57/data//all_fastq_h49/Ps_bams_maptoOTU5withouthaplotype_h49_dedup/h49_bams_softlink//75.LTU_1894_S30.mapped_to_Pseudomonas.dd.q20.markeddup.bam     0.00%    passed     68.55%
   9  /SAN/ugi/plant_genom/jiajucui/4_mapping_to_pseudomonas/tailocin_2024_TF_Tapemeasure/2025_summer_paperfig_m57/data//all_fastq_h49/Ps_bams_maptoOTU5withouthaplotype_h49_dedup/h49_bams_softlink//76.LTU_2009_S19.mapped_to_Pseudomonas.dd.q20.markeddup.bam     0.00%    failed      1.03%
  10  /SAN/ugi/plant_genom/jiajucui/4_mapping_to_pseudomonas/tailocin_2024_TF_Tapemeasure/2025_summer_paperfig_m57/data//all_fastq_h49/Ps_bams_maptoOTU5withouthaplotype_h49_dedup/h49_bams_softlink//86.NOR_1911_S7.mapped_to_Pseudomonas.dd.q20.markeddup.bam      0.00%    passed     34.32%
  11  HB0737                                                                                                                                                                                                                                                         0.00%    passed     85.09%
  12  HB0766                                                                                                                                                                                                                                                         0.00%    passed     98.20%
  13  HB0808                                                                                                                                                                                                                                                         0.00%    passed     12.62%
  14  HB0814                                                                                                                                                                                                                                                         0.00%    passed     90.15%
  15  HB0840                                                                                                                                                                                                                                                         0.00%    failed      3.18%
  16  HB0841                                                                                                                                                                                                                                                         0.00%    failed      3.89%
  17  p12.A11                                                                                                                                                                                                                                                        0.00%    passed     99.32%
  18  p12.E2                                                                                                                                                                                                                                                         0.00%    passed     30.19%
  19  p12.G7                                                                                                                                                                                                                                                         0.00%    passed     82.56%
  20  p13.C1                                                                                                                                                                                                                                                         0.00%    passed     11.70%
  21  p13.D10                                                                                                                                                                                                                                                        0.00%    passed     49.93%
  22  p13.F3                                                                                                                                                                                                                                                         0.00%    passed      6.93%
  23  p1.G2                                                                                                                                                                                                                                                          0.00%    passed     58.84%
  24  p20.D4                                                                                                                                                                                                                                                         0.00%    passed     98.20%
  25  p20.F10                                                                                                                                                                                                                                                        0.00%    passed     99.29%
  26  p20.G9                                                                                                                                                                                                                                                         0.00%    passed     99.32%
  27  p21.A8                                                                                                                                                                                                                                                         0.00%    passed     99.32%
  28  p21.E3                                                                                                                                                                                                                                                         0.00%    passed     11.70%
  29  p21.F1                                                                                                                                                                                                                                                         0.00%    passed     97.63%
  30  p21.F9                                                                                                                                                                                                                                                         0.00%    passed     99.32%
  31  p22.A8                                                                                                                                                                                                                                                         0.00%    passed     11.70%
  32  p22.B5                                                                                                                                                                                                                                                         0.00%    passed     11.70%
  33  p22.C1                                                                                                                                                                                                                                                         0.00%    passed     20.98%
  34  p22.D1                                                                                                                                                                                                                                                         0.00%    passed     97.75%
  35  p22.D4                                                                                                                                                                                                                                                         0.00%    passed     93.93%
  36  p23.A3                                                                                                                                                                                                                                                         0.00%    passed     91.99%
  37  p23.B2                                                                                                                                                                                                                                                         0.00%    passed     38.31%
  38  p23.B8                                                                                                                                                                                                                                                         0.00%    passed     92.41%
  39  p24.B5                                                                                                                                                                                                                                                         0.00%    passed     73.85%
  40  p24.H2                                                                                                                                                                                                                                                         0.00%    failed      1.96%
  41  p25.A12                                                                                                                                                                                                                                                        0.00%    passed     16.35%
  42  p25.B2                                                                                                                                                                                                                                                         0.00%    failed      0.77%
  43  p25.C11                                                                                                                                                                                                                                                        0.00%    passed     99.29%
  44  p25.C2                                                                                                                                                                                                                                                         0.00%    failed      0.77%
  45  p25.D2                                                                                                                                                                                                                                                         0.00%    failed      0.77%
  46  p26.B7                                                                                                                                                                                                                                                         0.00%    passed      9.88%
  47  p26.D6                                                                                                                                                                                                                                                         0.00%    passed     93.20%
  48  p26.E7                                                                                                                                                                                                                                                         0.00%    passed     92.41%
  49  p27.D6                                                                                                                                                                                                                                                         0.00%    passed      6.09%
  50  p27.F2                                                                                                                                                                                                                                                         0.00%    passed     16.51%
  51  p3.A3                                                                                                                                                                                                                                                          0.00%    failed      0.77%
  52  p3.F12                                                                                                                                                                                                                                                         0.00%    failed      0.77%
  53  p3.F8                                                                                                                                                                                                                                                          0.00%    passed     91.23%
  54  p3.G9                                                                                                                                                                                                                                                          0.00%    passed     52.59%
  55  p4.A6                                                                                                                                                                                                                                                          0.00%    failed      0.77%
  56  p4.D2                                                                                                                                                                                                                                                          0.00%    passed     23.77%
  57  p4.E5                                                                                                                                                                                                                                                          0.00%    passed     12.49%
  58  p4.E6                                                                                                                                                                                                                                                          0.00%    passed     11.70%
  59  p5.C1                                                                                                                                                                                                                                                          0.00%    passed     97.91%
  60  p5.C3                                                                                                                                                                                                                                                          0.00%    passed     11.70%
  61  p5.D5                                                                                                                                                                                                                                                          0.00%    passed     84.48%
  62  p5.H11                                                                                                                                                                                                                                                         0.00%    passed     27.27%
  63  p6.B9                                                                                                                                                                                                                                                          0.00%    passed     93.93%
  64  p7.G11                                                                                                                                                                                                                                                         0.00%    passed     26.43%
  65  p8.B3                                                                                                                                                                                                                                                          0.00%    failed      0.77%
  66  p8.B9                                                                                                                                                                                                                                                          0.00%    passed     97.63%
  67  p8.C7                                                                                                                                                                                                                                                          0.00%    passed     82.96%
  68  p8.E4                                                                                                                                                                                                                                                          0.00%    passed     15.88%
  69  p8.H7                                                                                                                                                                                                                                                          0.00%    passed     45.49%
  70  PL0001                                                                                                                                                                                                                                                         0.00%    passed     99.62%
  71  PL0026                                                                                                                                                                                                                                                         0.00%    passed     27.86%
  72  PL0027                                                                                                                                                                                                                                                         0.00%    passed     17.29%
  73  PL0042                                                                                                                                                                                                                                                         0.00%    passed     99.02%
  74  PL0046                                                                                                                                                                                                                                                         0.00%    passed      5.78%
  75  PL0051                                                                                                                                                                                                                                                         0.00%    failed      1.31%
  76  PL0053                                                                                                                                                                                                                                                         0.00%    passed     86.89%
  77  PL0059                                                                                                                                                                                                                                                         0.00%    passed     17.19%
  78  PL0065                                                                                                                                                                                                                                                         0.00%    passed     24.82%
  79  PL0068                                                                                                                                                                                                                                                         0.00%    passed     89.24%
  80  PL0073                                                                                                                                                                                                                                                         0.00%    passed     58.85%
  81  PL0080                                                                                                                                                                                                                                                         0.00%    failed      0.51%
  82  PL0087                                                                                                                                                                                                                                                         0.00%    passed      7.28%
  83  PL0102                                                                                                                                                                                                                                                         0.00%    failed      2.97%
  84  PL0105                                                                                                                                                                                                                                                         0.00%    passed      8.62%
  85  PL0127                                                                                                                                                                                                                                                         0.00%    passed     23.96%
  86  PL0131                                                                                                                                                                                                                                                         0.00%    passed      8.71%
  87  PL0137                                                                                                                                                                                                                                                         0.00%    passed     87.96%
  88  PL0139                                                                                                                                                                                                                                                         0.00%    passed      9.93%
  89  PL0185                                                                                                                                                                                                                                                         0.00%    passed     76.42%
  90  PL0210                                                                                                                                                                                                                                                         0.00%    passed     68.84%
  91  PL0220                                                                                                                                                                                                                                                         0.00%    passed     92.42%
  92  PL0222                                                                                                                                                                                                                                                         0.00%    passed     20.18%
  93  PL0224                                                                                                                                                                                                                                                         0.00%    passed     16.03%
  94  PL0230                                                                                                                                                                                                                                                         0.00%    passed     11.44%
  95  PL0235                                                                                                                                                                                                                                                         0.00%    passed     26.92%
  96  PL0240                                                                                                                                                                                                                                                         0.00%    passed     75.94%
****  TOTAL                                                                                                                                                                                                                                                          0.00%  14 sequences failed composition chi2 test (p-value<5%; df=3)
NOTE: p20.G9 is identical to p12.A11 but kept for subsequent analysis
NOTE: p21.E3 is identical to p13.C1 but kept for subsequent analysis
NOTE: p8.B9 is identical to p21.F1 but kept for subsequent analysis
NOTE: p26.E7 is identical to p23.B8 but kept for subsequent analysis
NOTE: p25.C2 is identical to p25.B2 but kept for subsequent analysis
Checking for duplicate sequences: done in 0.00201585 secs using 93.51% CPU
Identifying sites to remove: done in 0.00809969 secs using 99.98% CPU
NOTE: 11 identical sequences (see below) will be ignored for subsequent analysis
NOTE: p21.A8 (identical to p12.A11) is ignored but added at the end
NOTE: p21.F9 (identical to p12.A11) is ignored but added at the end
NOTE: p22.A8 (identical to p13.C1) is ignored but added at the end
NOTE: p22.B5 (identical to p13.C1) is ignored but added at the end
NOTE: p4.E6 (identical to p13.C1) is ignored but added at the end
NOTE: p5.C3 (identical to p13.C1) is ignored but added at the end
NOTE: p25.D2 (identical to p25.B2) is ignored but added at the end
NOTE: p3.A3 (identical to p25.B2) is ignored but added at the end
NOTE: p3.F12 (identical to p25.B2) is ignored but added at the end
NOTE: p4.A6 (identical to p25.B2) is ignored but added at the end
NOTE: p8.B3 (identical to p25.B2) is ignored but added at the end
Alignment was printed to bialleliconly_h43_m53_96samples.min96.phy.uniqueseq.phy

For your convenience alignment with unique sequences printed to bialleliconly_h43_m53_96samples.min96.phy.uniqueseq.phy

Creating fast initial parsimony tree by random order stepwise addition...
0.035 seconds, parsimony score: 17918 (based on 8184 sites)
Measuring multi-threading efficiency up to 4 CPU cores
Increase to 10 rounds for branch lengths
8 trees examined
Threads: 1 / Time: 4.258 sec / Speedup: 1.000 / Efficiency: 100% / LogL: -151401
Threads: 2 / Time: 4.095 sec / Speedup: 1.040 / Efficiency: 52% / LogL: -151401
Threads: 3 / Time: 4.144 sec / Speedup: 1.028 / Efficiency: 34% / LogL: -151401
Determining AUTO threadcount: done in 12.5045 secs using 99.45% CPU
BEST NUMBER OF THREADS: 1

Perform fast likelihood tree search using GTR+ASC+G model...
Estimate model parameters (epsilon = 5.000)
Perform nearest neighbor interchange...
Optimizing NNI: done in 1.10697 secs using 99.72% CPU
Estimate model parameters (epsilon = 1.000)
1. Initial log-likelihood: -102820.719
Optimal log-likelihood: -102820.357
Rate parameters:  A-C: 1.01157  A-G: 5.37016  A-T: 1.14228  C-G: 0.24026  C-T: 5.53769  G-T: 1.00000
Base frequencies:  A: 0.128  C: 0.374  G: 0.373  T: 0.125
Gamma shape alpha: 0.641
Parameters optimization took 1 rounds (0.690 sec)
Time for fast ML tree search: 5.908 seconds

NOTE: ModelFinder requires 131 MB RAM!
ModelFinder will test up to 484 DNA models (sample size: 8184) ...
 No. Model         -LnL         df  AIC          AICc         BIC
  1  GTR+F         106617.940   175 213585.880   213593.573   214812.619
  2  GTR+F+ASC     105008.872   175 210367.744   210375.436   211594.482
  3  GTR+F+G4      105489.600   176 211331.199   211338.981   212564.948
  4  GTR+F+ASC+G4  102820.253   176 205992.506   206000.287   207226.255
  5  GTR+F+R2      105040.477   177 210434.954   210442.825   211675.713
  6  GTR+F+R3      105040.551   179 210439.103   210447.154   211693.881
 14  GTR+F+ASC+R2  102373.484   177 205100.968   205108.839   206341.727
 15  GTR+F+ASC+R3  102124.990   179 204607.980   204616.030   205862.758
 16  GTR+F+ASC+R4  102087.182   181 204536.363   204544.597   205805.162
WARNING: Log-likelihood -102120 of GTR+F+ASC+R5 worse than GTR+F+ASC+R4 -102087
 17  GTR+F+ASC+R5  102120.231   183 204606.463   204614.881   205889.281
 24  SYM+ASC       105745.067   172 211834.133   211841.562   213039.842
 26  SYM+ASC+G4    104123.481   173 208592.963   208600.479   209805.682
 27  SYM+R2        105575.623   174 211499.246   211506.850   212718.975
 36  SYM+ASC+R2    103466.822   174 207281.644   207289.248   208501.373
 37  SYM+ASC+R3    103247.029   176 206846.058   206853.839   208079.806
 38  SYM+ASC+R4    103230.012   178 206816.024   206823.984   208063.792
WARNING: Log-likelihood -103240 of SYM+ASC+R5 worse than SYM+ASC+R4 -103230
 39  SYM+ASC+R5    103240.133   180 206840.266   206848.408   208102.054
 46  TVM+F+ASC     105009.488   174 210366.976   210374.580   211586.705
 48  TVM+F+ASC+G4  102821.027   175 205992.054   205999.746   207218.793
 49  TVM+F+R2      105041.567   176 210435.134   210442.915   211668.883
 58  TVM+F+ASC+R2  102375.006   176 205102.011   205109.792   206335.760
 59  TVM+F+ASC+R3  102126.284   178 204608.568   204616.528   205856.336
 60  TVM+F+ASC+R4  102088.267   180 204536.535   204544.677   205798.323
WARNING: Log-likelihood -102094 of TVM+F+ASC+R5 worse than TVM+F+ASC+R4 -102088
 61  TVM+F+ASC+R5  102093.835   182 204551.671   204559.996   205827.479
 68  TVMe+ASC      105745.074   171 211832.148   211839.490   213030.847
 70  TVMe+ASC+G4   104123.519   172 208591.038   208598.466   209796.747
 71  TVMe+R2       105575.626   173 211497.251   211504.767   212709.970
 80  TVMe+ASC+R2   103466.978   173 207279.956   207287.472   208492.675
 81  TVMe+ASC+R3   103246.436   175 206842.872   206850.564   208069.610
 82  TVMe+ASC+R4   103230.063   177 206814.125   206821.996   208054.884
WARNING: Log-likelihood -103247 of TVMe+ASC+R5 worse than TVMe+ASC+R4 -103230
 83  TVMe+ASC+R5   103246.928   179 206851.856   206859.907   208106.634
 90  TIM3+F+ASC    105459.546   173 211265.091   211272.608   212477.810
 92  TIM3+F+ASC+G4 103367.610   174 207083.220   207090.824   208302.949
 93  TIM3+F+R2     105483.318   175 211316.635   211324.327   212543.374
102  TIM3+F+ASC+R2 102906.675   175 206163.351   206171.043   207390.090
103  TIM3+F+ASC+R3 102663.227   177 205680.454   205688.324   206921.212
104  TIM3+F+ASC+R4 102631.953   179 205621.905   205629.956   206876.684
WARNING: Log-likelihood -102639 of TIM3+F+ASC+R5 worse than TIM3+F+ASC+R4 -102632
105  TIM3+F+ASC+R5 102639.302   181 205640.603   205648.837   206909.402
112  TIM3e+ASC     105869.843   170 212079.686   212086.942   213271.375
114  TIM3e+ASC+G4  104259.880   171 208861.759   208869.101   210060.458
115  TIM3e+R2      105692.746   172 211729.492   211736.921   212935.201
124  TIM3e+ASC+R2  103619.967   172 207583.934   207591.362   208789.643
125  TIM3e+ASC+R3  103404.626   174 207157.253   207164.857   208376.982
126  TIM3e+ASC+R4  103390.439   176 207132.878   207140.659   208366.627
WARNING: Log-likelihood -103400 of TIM3e+ASC+R5 worse than TIM3e+ASC+R4 -103390
127  TIM3e+ASC+R5  103400.269   178 207156.538   207164.499   208404.307
134  TIM2+F+ASC    105437.833   173 211221.666   211229.182   212434.385
136  TIM2+F+ASC+G4 103342.320   174 207032.639   207040.243   208252.368
137  TIM2+F+R2     105465.435   175 211280.871   211288.563   212507.609
146  TIM2+F+ASC+R2 102878.553   175 206107.106   206114.799   207333.845
147  TIM2+F+ASC+R3 102647.328   177 205648.655   205656.526   206889.414
148  TIM2+F+ASC+R4 102615.953   179 205589.906   205597.957   206844.685
WARNING: Log-likelihood -102620 of TIM2+F+ASC+R5 worse than TIM2+F+ASC+R4 -102616
149  TIM2+F+ASC+R5 102620.029   181 205602.057   205610.291   206870.856
156  TIM2e+ASC     105870.973   170 212081.946   212089.201   213273.635
158  TIM2e+ASC+G4  104263.301   171 208868.602   208875.944   210067.301
159  TIM2e+R2      105691.529   172 211727.059   211734.488   212932.768
168  TIM2e+ASC+R2  103627.117   172 207598.233   207605.662   208803.942
169  TIM2e+ASC+R3  103410.977   174 207169.953   207177.557   208389.682
170  TIM2e+ASC+R4  103396.481   176 207144.962   207152.743   208378.711
WARNING: Log-likelihood -103409 of TIM2e+ASC+R5 worse than TIM2e+ASC+R4 -103396
171  TIM2e+ASC+R5  103408.814   178 207173.628   207181.588   208421.396
178  TIM+F+ASC     105134.791   173 210615.582   210623.098   211828.301
180  TIM+F+ASC+G4  103028.994   174 206405.989   206413.593   207625.718
181  TIM+F+R2      105159.603   175 210669.205   210676.898   211895.944
190  TIM+F+ASC+R2  102564.688   175 205479.376   205487.068   206706.115
191  TIM+F+ASC+R3  102327.929   177 205009.859   205017.729   206250.618
192  TIM+F+ASC+R4  102296.007   179 204950.014   204958.065   206204.793
WARNING: Log-likelihood -102301 of TIM+F+ASC+R5 worse than TIM+F+ASC+R4 -102296
193  TIM+F+ASC+R5  102301.313   181 204964.626   204972.859   206233.424
200  TIMe+ASC      105770.290   170 211880.580   211887.836   213072.270
202  TIMe+ASC+G4   104161.654   171 208665.309   208672.651   209864.008
203  TIMe+R2       105588.350   172 211520.700   211528.128   212726.409
212  TIMe+ASC+R2   103526.281   172 207396.561   207403.990   208602.270
213  TIMe+ASC+R3   103311.387   174 206970.774   206978.378   208190.503
214  TIMe+ASC+R4   103296.468   176 206944.935   206952.716   208178.684
215  TIMe+ASC+R5   103295.521   178 206947.043   206955.003   208194.812
222  TPM3u+F+ASC   105459.713   172 211263.426   211270.854   212469.135
224  TPM3u+F+ASC+G4 103367.969   173 207081.939   207089.455   208294.658
225  TPM3u+F+R2    105483.825   174 211315.650   211323.254   212535.379
234  TPM3u+F+ASC+R2 102907.519   174 206163.038   206170.642   207382.767
235  TPM3u+F+ASC+R3 102663.617   176 205679.235   205687.016   206912.983
236  TPM3u+F+ASC+R4 102632.387   178 205620.774   205628.735   206868.543
WARNING: Log-likelihood -102634 of TPM3u+F+ASC+R5 worse than TPM3u+F+ASC+R4 -102632
237  TPM3u+F+ASC+R5 102634.058   180 205628.116   205636.258   206889.905
244  TPM3+ASC      105869.838   169 212077.676   212084.846   213262.355
246  TPM3+ASC+G4   104259.896   170 208859.791   208867.047   210051.480
247  TPM3+R2       105692.756   171 211727.512   211734.854   212926.211
256  TPM3+ASC+R2   103620.246   171 207582.492   207589.834   208781.191
257  TPM3+ASC+R3   103405.120   173 207156.240   207163.756   208368.959
258  TPM3+ASC+R4   103390.262   175 207130.525   207138.217   208357.264
WARNING: Log-likelihood -103399 of TPM3+ASC+R5 worse than TPM3+ASC+R4 -103390
259  TPM3+ASC+R5   103398.613   177 207151.226   207159.097   208391.985
266  TPM2u+F+ASC   105439.266   172 211222.533   211229.961   212428.242
268  TPM2u+F+ASC+G4 103343.579   173 207033.158   207040.675   208245.877
269  TPM2u+F+R2    105467.215   174 211282.430   211290.034   212502.159
278  TPM2u+F+ASC+R2 102880.889   174 206109.777   206117.381   207329.506
279  TPM2u+F+ASC+R3 102649.423   176 205650.846   205658.627   206884.594
280  TPM2u+F+ASC+R4 102618.038   178 205592.077   205600.037   206839.845
WARNING: Log-likelihood -102622 of TPM2u+F+ASC+R5 worse than TPM2u+F+ASC+R4 -102618
281  TPM2u+F+ASC+R5 102621.950   180 205603.900   205612.042   206865.689
288  TPM2+ASC      105870.978   169 212079.955   212087.125   213264.635
290  TPM2+ASC+G4   104263.304   170 208866.607   208873.863   210058.296
291  TPM2+R2       105691.531   171 211725.062   211732.404   212923.761
300  TPM2+ASC+R2   103627.098   171 207596.196   207603.538   208794.895
301  TPM2+ASC+R3   103411.034   173 207168.069   207175.585   208380.788
302  TPM2+ASC+R4   103396.457   175 207142.914   207150.607   208369.653
WARNING: Log-likelihood -103411 of TPM2+ASC+R5 worse than TPM2+ASC+R4 -103396
303  TPM2+ASC+R5   103411.204   177 207176.408   207184.279   208417.167
310  K3Pu+F+ASC    105135.437   172 210614.874   210622.303   211820.583
312  K3Pu+F+ASC+G4 103029.753   173 206405.506   206413.022   207618.225
313  K3Pu+F+R2     105160.579   174 210669.157   210676.761   211888.886
322  K3Pu+F+ASC+R2 102566.278   174 205480.557   205488.161   206700.286
323  K3Pu+F+ASC+R3 102329.086   176 205010.171   205017.952   206243.920
324  K3Pu+F+ASC+R4 102297.192   178 204950.383   204958.344   206198.152
WARNING: Log-likelihood -102304 of K3Pu+F+ASC+R5 worse than K3Pu+F+ASC+R4 -102297
325  K3Pu+F+ASC+R5 102303.776   180 204967.553   204975.695   206229.341
332  K3P+ASC       105770.297   169 211878.593   211885.763   213063.272
334  K3P+ASC+G4    104161.655   170 208663.309   208670.565   209854.998
335  K3P+R2        105588.353   171 211518.706   211526.047   212717.405
344  K3P+ASC+R2    103526.385   171 207394.770   207402.112   208593.469
345  K3P+ASC+R3    103311.385   173 206968.770   206976.286   208181.489
346  K3P+ASC+R4    103296.469   175 206942.938   206950.631   208169.677
WARNING: Log-likelihood -103306 of K3P+ASC+R5 worse than K3P+ASC+R4 -103296
347  K3P+ASC+R5    103305.739   177 206965.477   206973.348   208206.236
354  TN+F+ASC      105712.138   172 211768.276   211775.705   212973.985
356  TN+F+ASC+G4   103723.600   173 207793.199   207800.716   209005.918
357  TN+F+R2       105720.742   174 211789.485   211797.089   213009.214
366  TN+F+ASC+R2   103239.046   174 206826.093   206833.697   208045.822
367  TN+F+ASC+R3   103011.229   176 206374.459   206382.240   207608.208
368  TN+F+ASC+R4   102983.900   178 206323.800   206331.761   207571.569
WARNING: Log-likelihood -103006 of TN+F+ASC+R5 worse than TN+F+ASC+R4 -102984
369  TN+F+ASC+R5   103006.369   180 206372.738   206380.880   207634.527
376  TNe+ASC       105870.972   169 212079.944   212087.114   213264.623
378  TNe+ASC+G4    104263.799   170 208867.597   208874.853   210059.287
379  TNe+R2        105692.775   171 211727.550   211734.892   212926.250
388  TNe+ASC+R2    103630.443   171 207602.886   207610.228   208801.586
389  TNe+ASC+R3    103416.009   173 207178.019   207185.535   208390.738
390  TNe+ASC+R4    103401.991   175 207153.982   207161.674   208380.721
WARNING: Log-likelihood -103414 of TNe+ASC+R5 worse than TNe+ASC+R4 -103402
391  TNe+ASC+R5    103413.594   177 207181.189   207189.059   208421.947
398  HKY+F+ASC     105712.774   171 211767.549   211774.891   212966.248
400  HKY+F+ASC+G4  103724.323   172 207792.645   207800.074   208998.354
401  HKY+F+R2      105721.714   173 211789.428   211796.944   213002.147
410  HKY+F+ASC+R2  103240.617   173 206827.234   206834.750   208039.952
411  HKY+F+ASC+R3  103012.060   175 206374.120   206381.812   207600.859
412  HKY+F+ASC+R4  102984.949   177 206323.899   206331.770   207564.658
WARNING: Log-likelihood -102993 of HKY+F+ASC+R5 worse than HKY+F+ASC+R4 -102985
413  HKY+F+ASC+R5  102993.401   179 206344.802   206352.853   207599.580
420  K2P+ASC       105870.979   168 212077.958   212085.042   213255.627
422  K2P+ASC+G4    104263.799   169 208865.599   208872.769   210050.278
423  K2P+R2        105692.782   170 211725.564   211732.819   212917.253
432  K2P+ASC+R2    103630.550   170 207601.100   207608.355   208792.789
433  K2P+ASC+R3    103416.012   172 207176.023   207183.452   208381.732
434  K2P+ASC+R4    103401.992   174 207151.985   207159.589   208371.714
WARNING: Log-likelihood -103408 of K2P+ASC+R5 worse than K2P+ASC+R4 -103402
435  K2P+ASC+R5    103408.426   176 207168.851   207176.632   208402.600
442  F81+F+ASC     115324.100   170 230988.200   230995.455   232179.889
444  F81+F+ASC+G4  113743.835   171 227829.669   227837.011   229028.369
445  F81+F+R2      115288.268   172 230920.537   230927.966   232126.246
454  F81+F+ASC+R2  113182.634   172 226709.269   226716.697   227914.978
455  F81+F+ASC+R3  112987.475   174 226322.949   226330.553   227542.678
456  F81+F+ASC+R4  112974.313   176 226300.626   226308.408   227534.375
WARNING: Log-likelihood -112985 of F81+F+ASC+R5 worse than F81+F+ASC+R4 -112974
457  F81+F+ASC+R5  112985.256   178 226326.512   226334.472   227574.280
464  JC+ASC        112722.757   167 225779.514   225786.514   226950.173
466  JC+ASC+G4     111155.154   168 222646.308   222653.393   223823.977
467  JC+R2         112628.123   169 225594.245   225601.415   226778.925
476  JC+ASC+R2     110549.785   169 221437.570   221444.740   222622.249
477  JC+ASC+R3     110348.017   171 221038.034   221045.376   222236.734
478  JC+ASC+R4     110333.307   173 221012.614   221020.130   222225.333
WARNING: Log-likelihood -110346 of JC+ASC+R5 worse than JC+ASC+R4 -110333
479  JC+ASC+R5     110345.908   175 221041.816   221049.508   222268.555
Akaike Information Criterion:           GTR+F+ASC+R4
Corrected Akaike Information Criterion: GTR+F+ASC+R4
Bayesian Information Criterion:         TVM+F+ASC+R4
Best-fit model: TVM+F+ASC+R4 chosen according to BIC
NOTE: 3.215 seconds to dump checkpoint file, increase to 65.000

All model information printed to bialleliconly_h43_m53_96samples.min96.phy.model.gz
CPU time for ModelFinder: 1551.870 seconds (0h:25m:51s)
Wall-clock time for ModelFinder: 1559.821 seconds (0h:25m:59s)
Generating 1000 samples for ultrafast bootstrap (seed: 580842)...

NOTE: 62 MB RAM (0 GB) is required!
Estimate model parameters (epsilon = 0.100)
1. Initial log-likelihood: -102088.267
Optimal log-likelihood: -102088.257
Rate parameters:  A-C: 1.00520  A-G: 5.49399  A-T: 1.10527  C-G: 0.23088  C-T: 5.49399  G-T: 1.00000
Base frequencies:  A: 0.128  C: 0.374  G: 0.373  T: 0.125
Site proportion and rates:  (0.711,0.250) (0.206,1.665) (0.069,4.725) (0.014,11.175)
Parameters optimization took 1 rounds (0.404 sec)
Wrote distance file to... 
Computing ML distances based on estimated model parameters...
Calculating distance matrix: done in 0.0554251 secs using 99.99% CPU
Computing ML distances took 0.056875 sec (of wall-clock time) 0.056873 sec (of CPU time)
Loading distance matrix: done in 0.00381412 secs using 99.97% CPU
Setting up auxiliary I and S matrices: done in 0.000159033 secs using 99.98% CPU
Constructing RapidNJ tree: done in 0.000665158 secs using 21.95% CPU
Computing RapidNJ tree took 0.000844 sec (of wall-clock time) 0.000317 sec (of CPU time)
Log-likelihood of RapidNJ tree: -102375.955
--------------------------------------------------------------------
|             INITIALIZING CANDIDATE TREE SET                      |
--------------------------------------------------------------------
Generating 98 parsimony trees... 3.614 second
Computing log-likelihood of 98 initial trees ... 7.797 seconds
Current best score: -102088.257

Do NNI search on 20 best initial trees
Optimizing NNI: done in 0.592306 secs using 99.65% CPU
Estimate model parameters (epsilon = 0.100)
BETTER TREE FOUND at iteration 1: -102087.371
Optimizing NNI: done in 2.0517 secs using 99.54% CPU
Optimizing NNI: done in 2.27021 secs using 99.77% CPU
Estimate model parameters (epsilon = 0.100)
BETTER TREE FOUND at iteration 3: -102030.871
Optimizing NNI: done in 3.06147 secs using 99.33% CPU
Estimate model parameters (epsilon = 0.100)
BETTER TREE FOUND at iteration 4: -102008.347
Optimizing NNI: done in 2.73673 secs using 99.51% CPU
Optimizing NNI: done in 2.29678 secs using 99.6% CPU
Optimizing NNI: done in 2.05627 secs using 99.7% CPU
Optimizing NNI: done in 2.17369 secs using 99.62% CPU
Optimizing NNI: done in 2.55761 secs using 99.68% CPU
Optimizing NNI: done in 2.27808 secs using 99.69% CPU
Iteration 10 / LogL: -102085.030 / Time: 0h:0m:43s
Optimizing NNI: done in 2.57582 secs using 99.95% CPU
Optimizing NNI: done in 2.79317 secs using 99.89% CPU
Optimizing NNI: done in 2.41277 secs using 99.83% CPU
Estimate model parameters (epsilon = 0.100)
BETTER TREE FOUND at iteration 13: -101997.800
Optimizing NNI: done in 2.44483 secs using 99.87% CPU
Optimizing NNI: done in 2.70037 secs using 99.66% CPU
Optimizing NNI: done in 1.97025 secs using 99.59% CPU
Optimizing NNI: done in 2.26458 secs using 99.46% CPU
Optimizing NNI: done in 2.67047 secs using 99.92% CPU
Optimizing NNI: done in 2.29965 secs using 99.82% CPU
Optimizing NNI: done in 2.21098 secs using 99.59% CPU
Iteration 20 / LogL: -102134.368 / Time: 0h:1m:9s
Finish initializing candidate tree set (20)
Current best tree score: -101997.800 / CPU time: 64.486
Number of iterations: 20
--------------------------------------------------------------------
|               OPTIMIZING CANDIDATE TREE SET                      |
--------------------------------------------------------------------
Optimizing NNI: done in 2.04441 secs using 99.75% CPU
Optimizing NNI: done in 2.21788 secs using 99.68% CPU
Optimizing NNI: done in 1.56144 secs using 99.86% CPU
Estimate model parameters (epsilon = 0.100)
BETTER TREE FOUND at iteration 23: -101995.109
Optimizing NNI: done in 1.65887 secs using 99.63% CPU
Optimizing NNI: done in 2.07694 secs using 99.8% CPU
Optimizing NNI: done in 2.22069 secs using 99.81% CPU
Optimizing NNI: done in 1.77616 secs using 99.77% CPU
Optimizing NNI: done in 2.00202 secs using 99.74% CPU
Optimizing NNI: done in 1.48213 secs using 99.72% CPU
Optimizing NNI: done in 1.46243 secs using 99.72% CPU
Iteration 30 / LogL: -102025.496 / Time: 0h:1m:29s (0h:4m:47s left)
Optimizing NNI: done in 1.27393 secs using 99.68% CPU
Optimizing NNI: done in 2.0552 secs using 99.85% CPU
Optimizing NNI: done in 1.53178 secs using 99.6% CPU
Optimizing NNI: done in 1.60635 secs using 99.62% CPU
Optimizing NNI: done in 2.34431 secs using 99.86% CPU
Estimate model parameters (epsilon = 0.100)
BETTER TREE FOUND at iteration 35: -101990.029
Optimizing NNI: done in 1.46519 secs using 99.45% CPU
Optimizing NNI: done in 1.66151 secs using 99.69% CPU
Optimizing NNI: done in 1.69422 secs using 99.93% CPU
Optimizing NNI: done in 1.80997 secs using 99.72% CPU
Optimizing NNI: done in 1.68079 secs using 99.87% CPU
Estimate model parameters (epsilon = 0.100)
UPDATE BEST LOG-LIKELIHOOD: -101989.918
Iteration 40 / LogL: -101989.918 / Time: 0h:1m:48s (0h:4m:23s left)
Optimizing NNI: done in 1.44939 secs using 99.65% CPU
Optimizing NNI: done in 1.64526 secs using 99.93% CPU
Optimizing NNI: done in 1.61771 secs using 99.87% CPU
Optimizing NNI: done in 1.88783 secs using 99.89% CPU
Optimizing NNI: done in 1.47383 secs using 99.99% CPU
Optimizing NNI: done in 1.93116 secs using 99.73% CPU
Optimizing NNI: done in 1.41908 secs using 99.71% CPU
Optimizing NNI: done in 1.87163 secs using 99.73% CPU
Optimizing NNI: done in 1.55345 secs using 99.93% CPU
Optimizing NNI: done in 2.09515 secs using 99.85% CPU
Estimate model parameters (epsilon = 0.100)
BETTER TREE FOUND at iteration 50: -101975.166
Iteration 50 / LogL: -101975.166 / Time: 0h:2m:6s (0h:4m:18s left)
Log-likelihood cutoff on original alignment: -102124.088
Optimizing NNI: done in 1.45983 secs using 99.85% CPU
Optimizing NNI: done in 1.48138 secs using 99.65% CPU
Optimizing NNI: done in 1.10879 secs using 99.9% CPU
Optimizing NNI: done in 1.33441 secs using 99.92% CPU
Optimizing NNI: done in 2.09008 secs using 99.61% CPU
Optimizing NNI: done in 1.42632 secs using 99.71% CPU
Optimizing NNI: done in 1.61865 secs using 99.81% CPU
Optimizing NNI: done in 1.6004 secs using 99.87% CPU
Optimizing NNI: done in 1.76465 secs using 99.99% CPU
Optimizing NNI: done in 1.68605 secs using 99.76% CPU
Iteration 60 / LogL: -102000.534 / Time: 0h:2m:22s (0h:3m:37s left)
Optimizing NNI: done in 1.38437 secs using 99.56% CPU
Optimizing NNI: done in 1.5864 secs using 99.74% CPU
Optimizing NNI: done in 1.6742 secs using 99.51% CPU
Optimizing NNI: done in 1.6828 secs using 99.87% CPU
Optimizing NNI: done in 2.52266 secs using 99.79% CPU
Optimizing NNI: done in 1.56012 secs using 99.67% CPU
Estimate model parameters (epsilon = 0.100)
BETTER TREE FOUND at iteration 66: -101968.053
Optimizing NNI: done in 1.31767 secs using 99.76% CPU
Optimizing NNI: done in 2.02796 secs using 99.89% CPU
Optimizing NNI: done in 1.37703 secs using 99.77% CPU
Optimizing NNI: done in 1.60314 secs using 99.8% CPU
Iteration 70 / LogL: -101968.227 / Time: 0h:2m:40s (0h:3m:42s left)
Optimizing NNI: done in 1.71217 secs using 99.53% CPU
Optimizing NNI: done in 1.52054 secs using 99.86% CPU
Optimizing NNI: done in 1.68875 secs using 99.76% CPU
Optimizing NNI: done in 1.27716 secs using 99.99% CPU
Optimizing NNI: done in 1.30043 secs using 99.53% CPU
Optimizing NNI: done in 1.43887 secs using 99.92% CPU
Optimizing NNI: done in 1.64036 secs using 99.81% CPU
Optimizing NNI: done in 1.45061 secs using 99.79% CPU
Optimizing NNI: done in 1.70275 secs using 99.52% CPU
Optimizing NNI: done in 2.11938 secs using 99.76% CPU
Iteration 80 / LogL: -102007.647 / Time: 0h:2m:56s (0h:3m:11s left)
Optimizing NNI: done in 1.77275 secs using 99.77% CPU
Optimizing NNI: done in 1.13975 secs using 99.73% CPU
Optimizing NNI: done in 1.80566 secs using 99.66% CPU
Optimizing NNI: done in 1.6447 secs using 99.93% CPU
Optimizing NNI: done in 1.50363 secs using 99.93% CPU
Optimizing NNI: done in 1.71355 secs using 99.93% CPU
Optimizing NNI: done in 1.80881 secs using 99.83% CPU
Optimizing NNI: done in 1.55929 secs using 99.74% CPU
Optimizing NNI: done in 1.67013 secs using 99.81% CPU
Optimizing NNI: done in 1.41913 secs using 99.64% CPU
Iteration 90 / LogL: -102069.075 / Time: 0h:3m:12s (0h:2m:44s left)
Optimizing NNI: done in 1.75196 secs using 99.82% CPU
Optimizing NNI: done in 2.18057 secs using 99.58% CPU
Optimizing NNI: done in 1.78174 secs using 99.94% CPU
Optimizing NNI: done in 1.35132 secs using 99.84% CPU
Optimizing NNI: done in 1.4199 secs using 99.71% CPU
Optimizing NNI: done in 1.71459 secs using 99.82% CPU
Optimizing NNI: done in 2.01042 secs using 99.84% CPU
Optimizing NNI: done in 1.8205 secs using 99.77% CPU
Optimizing NNI: done in 1.57789 secs using 99.8% CPU
Optimizing NNI: done in 1.5652 secs using 99.67% CPU
Iteration 100 / LogL: -102033.024 / Time: 0h:3m:30s (0h:2m:20s left)
Log-likelihood cutoff on original alignment: -102124.088
NOTE: Bootstrap correlation coefficient of split occurrence frequencies: 0.990
Optimizing NNI: done in 1.77554 secs using 99.82% CPU
Optimizing NNI: done in 1.75754 secs using 99.76% CPU
Optimizing NNI: done in 1.4975 secs using 99.86% CPU
Optimizing NNI: done in 1.57271 secs using 99.86% CPU
Optimizing NNI: done in 1.61527 secs using 99.87% CPU
Optimizing NNI: done in 1.64208 secs using 99.75% CPU
Optimizing NNI: done in 1.86218 secs using 99.67% CPU
Optimizing NNI: done in 1.72538 secs using 99.76% CPU
Optimizing NNI: done in 1.6099 secs using 99.99% CPU
Optimizing NNI: done in 1.67389 secs using 99.81% CPU
Iteration 110 / LogL: -101976.552 / Time: 0h:3m:47s (0h:3m:8s left)
Optimizing NNI: done in 1.3485 secs using 99.7% CPU
Optimizing NNI: done in 1.39931 secs using 99.71% CPU
Optimizing NNI: done in 1.78924 secs using 99.77% CPU
Optimizing NNI: done in 1.38258 secs using 99.7% CPU
Optimizing NNI: done in 1.5702 secs using 99.67% CPU
Optimizing NNI: done in 1.80174 secs using 99.77% CPU
Optimizing NNI: done in 1.5929 secs using 99.87% CPU
Optimizing NNI: done in 1.64539 secs using 99.63% CPU
Optimizing NNI: done in 1.84878 secs using 99.83% CPU
Optimizing NNI: done in 1.289 secs using 99.45% CPU
Iteration 120 / LogL: -101968.471 / Time: 0h:4m:3s (0h:2m:43s left)
Optimizing NNI: done in 2.06535 secs using 99.85% CPU
Optimizing NNI: done in 1.50962 secs using 99.73% CPU
Optimizing NNI: done in 1.46576 secs using 99.86% CPU
Optimizing NNI: done in 2.03456 secs using 99.94% CPU
Optimizing NNI: done in 1.74752 secs using 99.71% CPU
Optimizing NNI: done in 1.67069 secs using 99.75% CPU
Optimizing NNI: done in 1.47351 secs using 99.79% CPU
Optimizing NNI: done in 1.65313 secs using 99.81% CPU
Optimizing NNI: done in 1.47891 secs using 99.65% CPU
Optimizing NNI: done in 2.02197 secs using 99.75% CPU
Iteration 130 / LogL: -101988.971 / Time: 0h:4m:21s (0h:2m:21s left)
Optimizing NNI: done in 2.09759 secs using 99.9% CPU
Optimizing NNI: done in 1.63819 secs using 99.5% CPU
Optimizing NNI: done in 1.38404 secs using 99.78% CPU
Optimizing NNI: done in 1.86942 secs using 99.83% CPU
Optimizing NNI: done in 1.77163 secs using 99.77% CPU
Optimizing NNI: done in 1.65923 secs using 99.69% CPU
Optimizing NNI: done in 1.64438 secs using 99.63% CPU
Optimizing NNI: done in 1.87036 secs using 99.67% CPU
Optimizing NNI: done in 1.25169 secs using 99.91% CPU
Optimizing NNI: done in 1.63164 secs using 99.81% CPU
Iteration 140 / LogL: -101985.965 / Time: 0h:4m:38s (0h:2m:0s left)
Optimizing NNI: done in 1.23413 secs using 99.91% CPU
Optimizing NNI: done in 1.63199 secs using 99.93% CPU
UPDATE BEST LOG-LIKELIHOOD: -101968.047
Optimizing NNI: done in 1.59817 secs using 99.8% CPU
Optimizing NNI: done in 1.92424 secs using 99.78% CPU
Optimizing NNI: done in 1.46086 secs using 99.79% CPU
Optimizing NNI: done in 1.60224 secs using 99.62% CPU
Optimizing NNI: done in 2.10608 secs using 99.66% CPU
Optimizing NNI: done in 1.51734 secs using 99.66% CPU
Optimizing NNI: done in 1.57698 secs using 99.8% CPU
Optimizing NNI: done in 1.82287 secs using 99.77% CPU
Iteration 150 / LogL: -102009.016 / Time: 0h:4m:54s (0h:1m:38s left)
Log-likelihood cutoff on original alignment: -102124.088
Optimizing NNI: done in 1.56633 secs using 99.74% CPU
Optimizing NNI: done in 1.44272 secs using 99.92% CPU
Optimizing NNI: done in 1.56331 secs using 99.86% CPU
Optimizing NNI: done in 1.87066 secs using 99.67% CPU
Optimizing NNI: done in 1.26363 secs using 99.75% CPU
Optimizing NNI: done in 1.39512 secs using 99.42% CPU
Optimizing NNI: done in 1.33731 secs using 99.62% CPU
Optimizing NNI: done in 1.74339 secs using 99.82% CPU
Optimizing NNI: done in 1.35301 secs using 99.47% CPU
Optimizing NNI: done in 1.66073 secs using 99.75% CPU
Iteration 160 / LogL: -101986.256 / Time: 0h:5m:10s (0h:1m:18s left)
Optimizing NNI: done in 1.68645 secs using 99.81% CPU
Optimizing NNI: done in 1.53283 secs using 99.8% CPU
Optimizing NNI: done in 1.54996 secs using 99.67% CPU
Optimizing NNI: done in 1.23577 secs using 99.75% CPU
Optimizing NNI: done in 1.91613 secs using 99.73% CPU
Optimizing NNI: done in 1.58034 secs using 99.61% CPU
Optimizing NNI: done in 1.51931 secs using 99.93% CPU
TREE SEARCH COMPLETED AFTER 167 ITERATIONS / Time: 0h:5m:21s

--------------------------------------------------------------------
|                    FINALIZING TREE SEARCH                        |
--------------------------------------------------------------------
Performs final model parameters optimization
Estimate model parameters (epsilon = 0.010)
1. Initial log-likelihood: -101968.047
2. Current log-likelihood: -101968.029
3. Current log-likelihood: -101968.015
Optimal log-likelihood: -101968.007
Rate parameters:  A-C: 1.01632  A-G: 5.52505  A-T: 1.09005  C-G: 0.22959  C-T: 5.52505  G-T: 1.00000
Base frequencies:  A: 0.128  C: 0.374  G: 0.373  T: 0.125
Site proportion and rates:  (0.725,0.273) (0.208,1.822) (0.059,5.416) (0.008,13.473)
Parameters optimization took 3 rounds (1.003 sec)
BEST SCORE FOUND : -101968.007

Testing tree branches by SH-like aLRT with 1000 replicates...
9.934 sec.
Creating bootstrap support values...
Split supports printed to NEXUS file bialleliconly_h43_m53_96samples.min96.phy.splits.nex
Total tree length: 1.181

Total number of iterations: 167
CPU time used for tree search: 314.107 sec (0h:5m:14s)
Wall-clock time used for tree search: 316.541 sec (0h:5m:16s)
Total CPU time used: 327.448 sec (0h:5m:27s)
Total wall-clock time used: 332.857 sec (0h:5m:32s)

Computing bootstrap consensus tree...
Reading input file bialleliconly_h43_m53_96samples.min96.phy.splits.nex...
85 taxa and 725 splits.
Consensus tree written to bialleliconly_h43_m53_96samples.min96.phy.contree
Reading input trees file bialleliconly_h43_m53_96samples.min96.phy.contree
Log-likelihood of consensus tree: -101968.401

Analysis results written to: 
  IQ-TREE report:                bialleliconly_h43_m53_96samples.min96.phy.iqtree
  Maximum-likelihood tree:       bialleliconly_h43_m53_96samples.min96.phy.treefile
  Likelihood distances:          bialleliconly_h43_m53_96samples.min96.phy.mldist

Ultrafast bootstrap approximation results written to:
  Split support values:          bialleliconly_h43_m53_96samples.min96.phy.splits.nex
  Consensus tree:                bialleliconly_h43_m53_96samples.min96.phy.contree
  Screen log file:               bialleliconly_h43_m53_96samples.min96.phy.log

Date and Time: Wed Nov  5 22:22:24 2025
