IQ-TREE multicore version 2.2.6 COVID-edition for Linux 64-bit built Dec  8 2023
Developed by Bui Quang Minh, James Barbetti, Nguyen Lam Tung,
Olga Chernomor, Heiko Schmidt, Dominik Schrempf, Michael Woodhams, Ly Trong Nhan.

Host:    fry-611-86.local (AVX2, FMA3, 15 GB RAM)
Command: iqtree -T AUTO -s bialleliconly_h49_m83_132samples.min125.phy -m MFP -B 1000 -alrt 1000
Seed:    784304 (Using SPRNG - Scalable Parallel Random Number Generator)
Time:    Wed Nov  5 21:54:53 2025
Kernel:  AVX+FMA - auto-detect threads (4 CPU cores detected)

Reading alignment file bialleliconly_h49_m83_132samples.min125.phy ... Phylip format detected
Alignment most likely contains DNA/RNA sequences
Constructing alignment: done in 0.00551924 secs using 81.21% CPU
Alignment has 132 sequences with 3095 columns, 3041 distinct patterns
2090 parsimony-informative, 1005 singleton sites, 0 constant sites
                                                                                                                                                                                                                                                             Gap/Ambiguity  Composition  p-value
Analyzing sequences: done in 0.00118215 secs using 99.99% CPU
   1  /SAN/ugi/plant_genom/jiajucui/4_mapping_to_pseudomonas/tailocin_2024_TF_Tapemeasure/2025_summer_paperfig_m57/data//all_fastq_h49/Ps_bams_maptoOTU5withouthaplotype_h49_dedup/h49_bams_softlink//109.NOR_1990.mapped_to_Pseudomonas.dd.q20.markeddup.bam        0.03%    passed     99.67%
   2  /SAN/ugi/plant_genom/jiajucui/4_mapping_to_pseudomonas/tailocin_2024_TF_Tapemeasure/2025_summer_paperfig_m57/data//all_fastq_h49/Ps_bams_maptoOTU5withouthaplotype_h49_dedup/h49_bams_softlink//120.RUS_1860.mapped_to_Pseudomonas.dd.q20.markeddup.bam        1.10%    passed     99.61%
   3  /SAN/ugi/plant_genom/jiajucui/4_mapping_to_pseudomonas/tailocin_2024_TF_Tapemeasure/2025_summer_paperfig_m57/data//all_fastq_h49/Ps_bams_maptoOTU5withouthaplotype_h49_dedup/h49_bams_softlink//27.ESP_1975.mapped_to_Pseudomonas.dd.q20.markeddup.bam        12.21%    passed     91.91%
   4  /SAN/ugi/plant_genom/jiajucui/4_mapping_to_pseudomonas/tailocin_2024_TF_Tapemeasure/2025_summer_paperfig_m57/data//all_fastq_h49/Ps_bams_maptoOTU5withouthaplotype_h49_dedup/h49_bams_softlink//30.ESP_1983b.mapped_to_Pseudomonas.dd.q20.markeddup.bam       12.83%    passed     94.48%
   5  /SAN/ugi/plant_genom/jiajucui/4_mapping_to_pseudomonas/tailocin_2024_TF_Tapemeasure/2025_summer_paperfig_m57/data//all_fastq_h49/Ps_bams_maptoOTU5withouthaplotype_h49_dedup/h49_bams_softlink//33.ESP_1985b.mapped_to_Pseudomonas.dd.q20.markeddup.bam        0.00%    passed     99.74%
   6  /SAN/ugi/plant_genom/jiajucui/4_mapping_to_pseudomonas/tailocin_2024_TF_Tapemeasure/2025_summer_paperfig_m57/data//all_fastq_h49/Ps_bams_maptoOTU5withouthaplotype_h49_dedup/h49_bams_softlink//34.ESP_1985c_S36.mapped_to_Pseudomonas.dd.q20.markeddup.bam    0.00%    passed     99.90%
   7  /SAN/ugi/plant_genom/jiajucui/4_mapping_to_pseudomonas/tailocin_2024_TF_Tapemeasure/2025_summer_paperfig_m57/data//all_fastq_h49/Ps_bams_maptoOTU5withouthaplotype_h49_dedup/h49_bams_softlink//64.GBR_1933b_S36.mapped_to_Pseudomonas.dd.q20.markeddup.bam    0.03%    passed     99.79%
   8  /SAN/ugi/plant_genom/jiajucui/4_mapping_to_pseudomonas/tailocin_2024_TF_Tapemeasure/2025_summer_paperfig_m57/data//all_fastq_h49/Ps_bams_maptoOTU5withouthaplotype_h49_dedup/h49_bams_softlink//75.LTU_1894_S30.mapped_to_Pseudomonas.dd.q20.markeddup.bam     0.13%    passed     99.89%
   9  /SAN/ugi/plant_genom/jiajucui/4_mapping_to_pseudomonas/tailocin_2024_TF_Tapemeasure/2025_summer_paperfig_m57/data//all_fastq_h49/Ps_bams_maptoOTU5withouthaplotype_h49_dedup/h49_bams_softlink//76.LTU_2009_S19.mapped_to_Pseudomonas.dd.q20.markeddup.bam     0.00%    passed     99.98%
  10  /SAN/ugi/plant_genom/jiajucui/4_mapping_to_pseudomonas/tailocin_2024_TF_Tapemeasure/2025_summer_paperfig_m57/data//all_fastq_h49/Ps_bams_maptoOTU5withouthaplotype_h49_dedup/h49_bams_softlink//86.NOR_1911_S7.mapped_to_Pseudomonas.dd.q20.markeddup.bam      9.56%    passed     97.55%
  11  DC3000                                                                                                                                                                                                                                                         0.39%    passed     53.61%
  12  HB0737                                                                                                                                                                                                                                                         0.03%    passed     99.66%
  13  HB0766                                                                                                                                                                                                                                                         0.03%    passed     97.57%
  14  HB0808                                                                                                                                                                                                                                                        14.70%    passed     99.63%
  15  HB0814                                                                                                                                                                                                                                                         0.06%    passed     99.12%
  16  HB0828                                                                                                                                                                                                                                                         1.26%    passed     99.72%
  17  HB0840                                                                                                                                                                                                                                                         3.59%    passed     93.79%
  18  HB0841                                                                                                                                                                                                                                                         5.53%    passed     96.53%
  19  HB0863                                                                                                                                                                                                                                                         3.78%    passed     19.32%
  20  p12.A11                                                                                                                                                                                                                                                        0.00%    passed     98.45%
  21  p12.A9                                                                                                                                                                                                                                                        16.16%    passed     87.42%
  22  p12.E2                                                                                                                                                                                                                                                         0.00%    passed     99.94%
  23  p12.G7                                                                                                                                                                                                                                                         0.00%    passed     99.25%
  24  p12.H7                                                                                                                                                                                                                                                         3.17%    passed     79.35%
  25  p13.C1                                                                                                                                                                                                                                                         0.00%    passed     99.82%
  26  p13.D10                                                                                                                                                                                                                                                        0.00%    passed     99.46%
  27  p13.D5                                                                                                                                                                                                                                                        10.40%    passed     90.02%
  28  p13.F1                                                                                                                                                                                                                                                         2.04%    passed     30.93%
  29  p13.F3                                                                                                                                                                                                                                                         0.00%    passed     99.89%
  30  p13.F5                                                                                                                                                                                                                                                        17.93%    failed      0.00%
  31  p1.G2                                                                                                                                                                                                                                                          0.00%    passed     99.95%
  32  p20.B10                                                                                                                                                                                                                                                        6.27%    passed     51.81%
  33  p20.D4                                                                                                                                                                                                                                                         0.00%    passed     98.64%
  34  p20.F10                                                                                                                                                                                                                                                        0.00%    passed     98.45%
  35  p20.G9                                                                                                                                                                                                                                                         0.00%    passed     98.45%
  36  p21.A8                                                                                                                                                                                                                                                         0.00%    passed     98.45%
  37  p21.E3                                                                                                                                                                                                                                                         0.00%    passed     99.82%
  38  p21.F1                                                                                                                                                                                                                                                         0.00%    passed     98.61%
  39  p21.F9                                                                                                                                                                                                                                                         0.00%    passed     98.45%
  40  p22.A8                                                                                                                                                                                                                                                         0.00%    passed     99.82%
  41  p22.B5                                                                                                                                                                                                                                                         0.00%    passed     99.82%
  42  p22.C1                                                                                                                                                                                                                                                         0.00%    passed     99.99%
  43  p22.D1                                                                                                                                                                                                                                                         0.00%    passed     99.76%
  44  p22.D4                                                                                                                                                                                                                                                         0.39%    passed     98.02%
  45  p23.A3                                                                                                                                                                                                                                                         0.00%    passed     98.78%
  46  p23.A5                                                                                                                                                                                                                                                        17.84%    passed     25.53%
  47  p23.B2                                                                                                                                                                                                                                                         0.00%    passed     98.91%
  48  p23.B4                                                                                                                                                                                                                                                        15.64%    passed     51.75%
  49  p23.B8                                                                                                                                                                                                                                                         0.00%    passed     99.74%
  50  p24.B5                                                                                                                                                                                                                                                         0.00%    passed     98.96%
  51  p24.H2                                                                                                                                                                                                                                                         0.00%    passed     99.89%
  52  p25.A12                                                                                                                                                                                                                                                        0.10%    passed     99.93%
  53  p25.B2                                                                                                                                                                                                                                                         0.00%    passed     96.48%
  54  p25.C11                                                                                                                                                                                                                                                        0.19%    passed     99.18%
  55  p25.C2                                                                                                                                                                                                                                                         0.00%    passed     96.48%
  56  p25.D2                                                                                                                                                                                                                                                         0.00%    passed     96.48%
  57  p26.B7                                                                                                                                                                                                                                                         0.00%    passed     99.83%
  58  p26.C10                                                                                                                                                                                                                                                        1.78%    passed     54.28%
  59  p26.D6                                                                                                                                                                                                                                                         0.00%    passed     99.10%
  60  p26.E7                                                                                                                                                                                                                                                         0.00%    passed     99.74%
  61  p26.F6                                                                                                                                                                                                                                                        29.73%    passed     85.80%
  62  p27.C5                                                                                                                                                                                                                                                         9.79%    passed     94.86%
  63  p27.D6                                                                                                                                                                                                                                                         0.00%    passed     99.08%
  64  p27.F2                                                                                                                                                                                                                                                         0.00%    passed     99.97%
  65  p3.A3                                                                                                                                                                                                                                                          0.00%    passed     96.48%
  66  p3.F12                                                                                                                                                                                                                                                         0.00%    passed     96.48%
  67  p3.F8                                                                                                                                                                                                                                                          0.00%    passed     99.74%
  68  p3.G11                                                                                                                                                                                                                                                         1.00%    passed     91.81%
  69  p3.G9                                                                                                                                                                                                                                                          0.00%    passed     99.48%
  70  p4.A6                                                                                                                                                                                                                                                          0.00%    passed     96.48%
  71  p4.A8                                                                                                                                                                                                                                                          3.30%    passed     91.61%
  72  p4.C5                                                                                                                                                                                                                                                         16.06%    passed     23.48%
  73  p4.D11                                                                                                                                                                                                                                                         4.65%    passed     52.47%
  74  p4.D2                                                                                                                                                                                                                                                          0.00%    passed     96.58%
  75  p4.E5                                                                                                                                                                                                                                                          0.00%    passed     99.82%
  76  p4.E6                                                                                                                                                                                                                                                          0.00%    passed     99.82%
  77  p4.H3                                                                                                                                                                                                                                                          2.49%    passed     52.56%
  78  p5.A5                                                                                                                                                                                                                                                          0.45%    passed     71.82%
  79  p5.C1                                                                                                                                                                                                                                                          0.00%    passed     99.76%
  80  p5.C3                                                                                                                                                                                                                                                          0.00%    passed     99.82%
  81  p5.D5                                                                                                                                                                                                                                                          0.00%    passed     98.24%
  82  p5.F2                                                                                                                                                                                                                                                          6.37%    failed      4.84%
  83  p5.H11                                                                                                                                                                                                                                                         0.00%    passed     97.65%
  84  p6.B5                                                                                                                                                                                                                                                          1.07%    passed     75.78%
  85  p6.B9                                                                                                                                                                                                                                                          0.00%    passed     99.10%
  86  p6.D10                                                                                                                                                                                                                                                         5.69%    failed      2.65%
  87  p6.E9                                                                                                                                                                                                                                                          3.91%    failed      2.63%
  88  p6.F1                                                                                                                                                                                                                                                          0.48%    passed     42.67%
  89  p6.G2                                                                                                                                                                                                                                                          0.55%    passed     46.12%
  90  p6.G3                                                                                                                                                                                                                                                          2.58%    passed     10.39%
  91  p7.F2                                                                                                                                                                                                                                                          2.94%    passed     67.22%
  92  p7.G11                                                                                                                                                                                                                                                         0.00%    passed     97.65%
  93  p8.B3                                                                                                                                                                                                                                                          0.00%    passed     96.48%
  94  p8.B9                                                                                                                                                                                                                                                          0.00%    passed     98.61%
  95  p8.C7                                                                                                                                                                                                                                                          0.00%    passed     99.95%
  96  p8.D11                                                                                                                                                                                                                                                         3.00%    passed     44.04%
  97  p8.E4                                                                                                                                                                                                                                                          0.00%    passed     99.92%
  98  p8.G10                                                                                                                                                                                                                                                         3.17%    passed     51.54%
  99  p8.G2                                                                                                                                                                                                                                                          3.20%    failed      2.59%
 100  p8.H7                                                                                                                                                                                                                                                          0.00%    passed    100.00%
 101  p9.H10                                                                                                                                                                                                                                                         3.36%    passed      6.41%
 102  PL0001                                                                                                                                                                                                                                                         0.36%    passed     99.58%
 103  PL0026                                                                                                                                                                                                                                                        10.69%    passed     99.79%
 104  PL0027                                                                                                                                                                                                                                                        13.47%    passed     89.46%
 105  PL0042                                                                                                                                                                                                                                                         0.00%    passed     99.50%
 106  PL0046                                                                                                                                                                                                                                                         0.00%    passed    100.00%
 107  PL0051                                                                                                                                                                                                                                                         0.00%    passed     99.83%
 108  PL0053                                                                                                                                                                                                                                                         0.00%    passed     99.89%
 109  PL0059                                                                                                                                                                                                                                                         0.13%    passed     98.96%
 110  PL0065                                                                                                                                                                                                                                                        13.31%    passed     87.06%
 111  PL0066                                                                                                                                                                                                                                                         5.14%    passed     96.11%
 112  PL0068                                                                                                                                                                                                                                                         0.16%    passed     99.48%
 113  PL0073                                                                                                                                                                                                                                                         2.07%    passed     96.29%
 114  PL0080                                                                                                                                                                                                                                                         0.00%    passed     99.99%
 115  PL0087                                                                                                                                                                                                                                                        15.83%    passed     81.86%
 116  PL0102                                                                                                                                                                                                                                                         0.00%    passed     96.48%
 117  PL0105                                                                                                                                                                                                                                                        27.24%    passed     18.24%
 118  PL0108                                                                                                                                                                                                                                                         1.84%    passed     46.93%
 119  PL0127                                                                                                                                                                                                                                                         0.10%    passed     99.53%
 120  PL0131                                                                                                                                                                                                                                                         0.06%    passed     99.61%
 121  PL0137                                                                                                                                                                                                                                                         0.00%    passed     99.59%
 122  PL0139                                                                                                                                                                                                                                                         6.37%    passed     94.44%
 123  PL0185                                                                                                                                                                                                                                                         2.07%    passed     99.72%
 124  PL0203                                                                                                                                                                                                                                                         3.49%    passed     92.16%
 125  PL0210                                                                                                                                                                                                                                                         0.00%    passed     99.67%
 126  PL0220                                                                                                                                                                                                                                                         0.00%    passed     98.97%
 127  PL0222                                                                                                                                                                                                                                                        24.52%    passed     36.94%
 128  PL0224                                                                                                                                                                                                                                                         0.03%    passed     99.02%
 129  PL0230                                                                                                                                                                                                                                                         7.40%    passed     99.58%
 130  PL0235                                                                                                                                                                                                                                                         0.42%    passed     96.64%
 131  PL0240                                                                                                                                                                                                                                                         0.00%    passed     99.05%
 132  PL0258                                                                                                                                                                                                                                                         1.68%    passed     89.18%
****  TOTAL                                                                                                                                                                                                                                                          3.01%  5 sequences failed composition chi2 test (p-value<5%; df=3)
NOTE: p23.B8 is identical to /SAN/ugi/plant_genom/jiajucui/4_mapping_to_pseudomonas/tailocin_2024_TF_Tapemeasure/2025_summer_paperfig_m57/data//all_fastq_h49/Ps_bams_maptoOTU5withouthaplotype_h49_dedup/h49_bams_softlink//33.ESP_1985b.mapped_to_Pseudomonas.dd.q20.markeddup.bam but kept for subsequent analysis
NOTE: p20.F10 is identical to p12.A11 but kept for subsequent analysis
NOTE: p21.E3 is identical to p13.C1 but kept for subsequent analysis
NOTE: p8.B9 is identical to p21.F1 but kept for subsequent analysis
NOTE: p5.C1 is identical to p22.D1 but kept for subsequent analysis
NOTE: p25.C2 is identical to p25.B2 but kept for subsequent analysis
NOTE: p6.B9 is identical to p26.D6 but kept for subsequent analysis
NOTE: p7.G11 is identical to p5.H11 but kept for subsequent analysis
Checking for duplicate sequences: done in 0.00193043 secs using 98.84% CPU
Identifying sites to remove: done in 0.00436098 secs using 76.96% CPU
NOTE: 15 identical sequences (see below) will be ignored for subsequent analysis
NOTE: p26.E7 (identical to /SAN/ugi/plant_genom/jiajucui/4_mapping_to_pseudomonas/tailocin_2024_TF_Tapemeasure/2025_summer_paperfig_m57/data//all_fastq_h49/Ps_bams_maptoOTU5withouthaplotype_h49_dedup/h49_bams_softlink//33.ESP_1985b.mapped_to_Pseudomonas.dd.q20.markeddup.bam) is ignored but added at the end
NOTE: p20.G9 (identical to p12.A11) is ignored but added at the end
NOTE: p21.A8 (identical to p12.A11) is ignored but added at the end
NOTE: p21.F9 (identical to p12.A11) is ignored but added at the end
NOTE: p22.A8 (identical to p13.C1) is ignored but added at the end
NOTE: p22.B5 (identical to p13.C1) is ignored but added at the end
NOTE: p4.E5 (identical to p13.C1) is ignored but added at the end
NOTE: p4.E6 (identical to p13.C1) is ignored but added at the end
NOTE: p5.C3 (identical to p13.C1) is ignored but added at the end
NOTE: p25.D2 (identical to p25.B2) is ignored but added at the end
NOTE: p3.A3 (identical to p25.B2) is ignored but added at the end
NOTE: p3.F12 (identical to p25.B2) is ignored but added at the end
NOTE: p4.A6 (identical to p25.B2) is ignored but added at the end
NOTE: p8.B3 (identical to p25.B2) is ignored but added at the end
NOTE: PL0102 (identical to p25.B2) is ignored but added at the end
Alignment was printed to bialleliconly_h49_m83_132samples.min125.phy.uniqueseq.phy

For your convenience alignment with unique sequences printed to bialleliconly_h49_m83_132samples.min125.phy.uniqueseq.phy

Creating fast initial parsimony tree by random order stepwise addition...
0.056 seconds, parsimony score: 6778 (based on 3095 sites)
Measuring multi-threading efficiency up to 4 CPU cores
Increase to 10 rounds for branch lengths
7 trees examined
Threads: 1 / Time: 4.282 sec / Speedup: 1.000 / Efficiency: 100% / LogL: -71717
Threads: 2 / Time: 4.330 sec / Speedup: 0.989 / Efficiency: 49% / LogL: -71717
Determining AUTO threadcount: done in 8.61679 secs using 99.33% CPU
BEST NUMBER OF THREADS: 1

Perform fast likelihood tree search using GTR+ASC+G model...
Estimate model parameters (epsilon = 5.000)
Perform nearest neighbor interchange...
Optimizing NNI: done in 1.21402 secs using 99.66% CPU
Estimate model parameters (epsilon = 1.000)
1. Initial log-likelihood: -36595.215
Optimal log-likelihood: -36594.157
Rate parameters:  A-C: 0.65987  A-G: 9.94899  A-T: 2.01556  C-G: 0.78553  C-T: 8.78460  G-T: 1.00000
Base frequencies:  A: 0.193  C: 0.301  G: 0.280  T: 0.226
Gamma shape alpha: 0.736
Parameters optimization took 1 rounds (0.728 sec)
Time for fast ML tree search: 5.240 seconds

NOTE: ModelFinder requires 127 MB RAM!
ModelFinder will test up to 484 DNA models (sample size: 3095) ...
 No. Model         -LnL         df  AIC          AICc         BIC
  1  GTR+F         37431.104    239 75340.208    75380.391    76783.181
  2  GTR+F+ASC     37087.055    239 74652.111    74692.293    76095.084
  3  GTR+F+G4      37300.216    240 75080.433    75120.965    76529.443
  4  GTR+F+ASC+G4  36593.114    240 73666.228    73706.760    75115.238
  5  GTR+F+R2      37114.342    241 74710.684    74751.569    76165.732
  6  GTR+F+R3      37114.359    243 74714.719    74756.313    76181.842
 14  GTR+F+ASC+R2  36496.540    241 73475.079    73515.964    74930.127
 15  GTR+F+ASC+R3  36455.825    243 73397.650    73439.244    74864.773
WARNING: Log-likelihood -36457.5 of GTR+F+ASC+R4 worse than GTR+F+ASC+R3 -36455.8
NOTE: 3.432 seconds to dump checkpoint file, increase to 69.000
 16  GTR+F+ASC+R4  36457.481    245 73404.961    73447.271    74884.159
 24  SYM+ASC       37162.208    236 74796.417    74835.557    76221.277
 26  SYM+ASC+G4    36675.656    237 73825.312    73864.798    75256.210
 27  SYM+R2        37165.877    238 74807.753    74847.587    76244.689
 36  SYM+ASC+R2    36567.498    238 73610.995    73650.829    75047.931
 37  SYM+ASC+R3    36528.976    240 73537.952    73578.484    74986.962
 38  SYM+ASC+R4    36528.965    242 73541.931    73583.169    75003.016
 46  TVM+F+ASC     37093.153    238 74662.306    74702.139    76099.241
 48  TVM+F+ASC+G4  36597.782    239 73673.565    73713.747    75116.538
 49  TVM+F+R2      37118.285    240 74716.570    74757.103    76165.581
 58  TVM+F+ASC+R2  36500.472    240 73480.943    73521.476    74929.954
 59  TVM+F+ASC+R3  36458.669    242 73401.337    73442.576    74862.423
 60  TVM+F+ASC+R4  36458.901    244 73405.801    73447.752    74878.962
 68  TVMe+ASC      37163.046    235 74796.092    74834.889    76214.914
 70  TVMe+ASC+G4   36677.056    236 73826.113    73865.253    75250.973
 71  TVMe+R2       37166.773    237 74807.545    74847.031    76238.443
 80  TVMe+ASC+R2   36570.364    237 73614.729    73654.215    75045.627
 81  TVMe+ASC+R3   36532.375    239 73542.749    73582.931    74985.722
 82  TVMe+ASC+R4   36532.534    241 73547.068    73587.953    75002.116
 90  TIM3+F+ASC    37125.316    237 74724.631    74764.117    76155.529
 92  TIM3+F+ASC+G4 36631.427    238 73738.855    73778.688    75175.790
 93  TIM3+F+R2     37147.487    239 74772.973    74813.155    76215.946
102  TIM3+F+ASC+R2 36532.873    239 73543.746    73583.928    74986.719
103  TIM3+F+ASC+R3 36492.194    241 73466.387    73507.272    74921.435
104  TIM3+F+ASC+R4 36491.722    243 73469.444    73511.038    74936.567
112  TIM3e+ASC     37189.555    234 74847.110    74885.564    76259.895
114  TIM3e+ASC+G4  36700.520    235 73871.040    73909.837    75289.863
115  TIM3e+R2      37190.436    236 74852.872    74892.013    76277.732
124  TIM3e+ASC+R2  36591.253    236 73654.506    73693.647    75079.366
125  TIM3e+ASC+R3  36552.071    238 73580.141    73619.974    75017.076
126  TIM3e+ASC+R4  36552.387    240 73584.775    73625.307    75033.785
134  TIM2+F+ASC    37166.335    237 74806.671    74846.157    76237.569
136  TIM2+F+ASC+G4 36673.731    238 73823.462    73863.296    75260.398
137  TIM2+F+R2     37184.102    239 74846.203    74886.385    76289.176
146  TIM2+F+ASC+R2 36573.876    239 73625.753    73665.935    75068.726
147  TIM2+F+ASC+R3 36533.254    241 73548.508    73589.393    75003.556
148  TIM2+F+ASC+R4 36533.350    243 73552.700    73594.294    75019.823
156  TIM2e+ASC     37214.251    234 74896.503    74934.957    76309.288
158  TIM2e+ASC+G4  36720.821    235 73911.642    73950.438    75330.464
159  TIM2e+R2      37213.535    236 74899.070    74938.211    76323.931
168  TIM2e+ASC+R2  36609.117    236 73690.234    73729.374    75115.094
169  TIM2e+ASC+R3  36569.375    238 73614.750    73654.583    75051.685
170  TIM2e+ASC+R4  36568.857    240 73617.714    73658.247    75066.724
178  TIM+F+ASC     37163.703    237 74801.406    74840.892    76232.304
180  TIM+F+ASC+G4  36675.051    238 73826.102    73865.935    75263.037
181  TIM+F+R2      37180.337    239 74838.675    74878.857    76281.648
190  TIM+F+ASC+R2  36574.265    239 73626.531    73666.713    75069.504
191  TIM+F+ASC+R3  36534.383    241 73550.766    73591.651    75005.814
WARNING: Log-likelihood -36535.6 of TIM+F+ASC+R4 worse than TIM+F+ASC+R3 -36534.4
192  TIM+F+ASC+R4  36535.563    243 73557.126    73598.719    75024.249
200  TIMe+ASC      37190.970    234 74849.939    74888.394    76262.725
202  TIMe+ASC+G4   36699.409    235 73868.818    73907.615    75287.641
203  TIMe+R2       37192.748    236 74857.496    74896.637    76282.356
212  TIMe+ASC+R2   36588.899    236 73649.798    73688.939    75074.658
213  TIMe+ASC+R3   36549.577    238 73575.153    73614.987    75012.089
214  TIMe+ASC+R4   36549.563    240 73579.126    73619.658    75028.136
222  TPM3u+F+ASC   37131.603    236 74735.205    74774.346    76160.065
224  TPM3u+F+ASC+G4 36636.213    237 73746.426    73785.912    75177.324
225  TPM3u+F+R2    37151.292    238 74778.584    74818.417    76215.519
234  TPM3u+F+ASC+R2 36536.672    238 73549.344    73589.177    74986.279
235  TPM3u+F+ASC+R3 36494.950    240 73469.901    73510.433    74918.911
236  TPM3u+F+ASC+R4 36494.606    242 73473.212    73514.450    74934.297
244  TPM3+ASC      37190.405    233 74846.810    74884.924    76253.558
246  TPM3+ASC+G4   36701.959    234 73871.919    73910.374    75284.704
247  TPM3+R2       37191.359    235 74852.718    74891.515    76271.540
256  TPM3+ASC+R2   36594.152    235 73658.305    73697.102    75077.128
257  TPM3+ASC+R3   36555.889    237 73585.779    73625.265    75016.676
258  TPM3+ASC+R4   36555.503    239 73589.007    73629.189    75031.979
266  TPM2u+F+ASC   37172.147    236 74816.294    74855.434    76241.154
268  TPM2u+F+ASC+G4 36678.291    237 73830.582    73870.068    75261.480
269  TPM2u+F+R2    37187.954    238 74851.908    74891.742    76288.844
278  TPM2u+F+ASC+R2 36577.497    238 73630.994    73670.827    75067.929
279  TPM2u+F+ASC+R3 36535.903    240 73551.807    73592.340    75000.817
280  TPM2u+F+ASC+R4 36535.768    242 73555.537    73596.775    75016.622
288  TPM2+ASC      37215.099    233 74896.197    74934.311    76302.945
290  TPM2+ASC+G4   36722.517    234 73913.034    73951.488    75325.819
291  TPM2+R2       37214.526    235 74899.052    74937.849    76317.875
300  TPM2+ASC+R2   36612.331    235 73694.663    73733.459    75113.485
301  TPM2+ASC+R3   36573.332    237 73620.664    73660.150    75051.561
302  TPM2+ASC+R4   36573.306    239 73624.612    73664.794    75067.585
310  K3Pu+F+ASC    37169.609    236 74811.218    74850.359    76236.078
312  K3Pu+F+ASC+G4 36679.588    237 73833.176    73872.662    75264.074
313  K3Pu+F+R2     37184.121    238 74844.242    74884.076    76281.178
322  K3Pu+F+ASC+R2 36577.757    238 73631.513    73671.346    75068.448
323  K3Pu+F+ASC+R3 36537.187    240 73554.375    73594.907    75003.385
324  K3Pu+F+ASC+R4 36537.107    242 73558.213    73599.452    75019.299
332  K3P+ASC       37191.825    233 74849.650    74887.764    76256.398
334  K3P+ASC+G4    36701.125    234 73870.251    73908.705    75283.036
335  K3P+R2        37193.731    235 74857.463    74896.259    76276.285
344  K3P+ASC+R2    36592.149    235 73654.298    73693.095    75073.120
345  K3P+ASC+R3    36553.573    237 73581.145    73620.631    75012.043
346  K3P+ASC+R4    36553.507    239 73585.014    73625.197    75027.987
354  TN+F+ASC      37178.897    236 74829.794    74868.934    76254.654
356  TN+F+ASC+G4   36688.322    237 73850.644    73890.130    75281.542
357  TN+F+R2       37194.602    238 74865.203    74905.037    76302.139
366  TN+F+ASC+R2   36587.256    238 73650.512    73690.346    75087.448
367  TN+F+ASC+R3   36547.078    240 73574.155    73614.688    75023.166
368  TN+F+ASC+R4   36547.176    242 73578.352    73619.591    75039.438
376  TNe+ASC       37214.299    233 74894.599    74932.713    76301.346
378  TNe+ASC+G4    36720.871    234 73909.742    73948.196    75322.527
379  TNe+R2        37213.676    235 74897.352    74936.149    76316.175
388  TNe+ASC+R2    36609.379    235 73688.757    73727.554    75107.580
389  TNe+ASC+R3    36569.652    237 73613.304    73652.790    75044.202
390  TNe+ASC+R4    36569.365    239 73616.731    73656.913    75059.704
398  HKY+F+ASC     37184.843    235 74839.686    74878.482    76258.508
400  HKY+F+ASC+G4  36692.888    236 73857.777    73896.917    75282.637
401  HKY+F+R2      37198.394    237 74870.788    74910.274    76301.686
410  HKY+F+ASC+R2  36590.814    237 73655.627    73695.113    75086.525
411  HKY+F+ASC+R3  36549.767    239 73577.534    73617.716    75020.507
412  HKY+F+ASC+R4  36549.622    241 73581.243    73622.128    75036.291
420  K2P+ASC       37215.155    232 74894.310    74932.085    76295.020
422  K2P+ASC+G4    36722.585    233 73911.171    73949.285    75317.918
423  K2P+R2        37214.664    234 74897.329    74935.783    76310.114
432  K2P+ASC+R2    36612.627    234 73693.255    73731.709    75106.040
433  K2P+ASC+R3    36573.708    236 73619.415    73658.556    75044.276
434  K2P+ASC+R4    36573.482    238 73622.963    73662.797    75059.899
442  F81+F+ASC     40466.107    234 81400.214    81438.669    82812.999
444  F81+F+ASC+G4  40008.628    235 80487.256    80526.053    81906.079
445  F81+F+R2      40526.465    236 81524.930    81564.071    82949.790
454  F81+F+ASC+R2  39915.764    236 80303.527    80342.668    81728.388
455  F81+F+ASC+R3  39880.077    238 80236.155    80275.988    81673.090
WARNING: Log-likelihood -39881.4 of F81+F+ASC+R4 worse than F81+F+ASC+R3 -39880.1
456  F81+F+ASC+R4  39881.387    240 80242.773    80283.306    81691.784
464  JC+ASC        40405.175    231 81272.349    81309.787    82667.022
466  JC+ASC+G4     39942.692    232 80349.385    80387.160    81750.095
467  JC+R2         40459.536    233 81385.071    81423.185    82791.819
476  JC+ASC+R2     39846.163    233 80158.326    80196.439    81565.073
477  JC+ASC+R3     39810.367    235 80090.734    80129.531    81509.557
WARNING: Log-likelihood -39812.9 of JC+ASC+R4 worse than JC+ASC+R3 -39810.4
478  JC+ASC+R4     39812.891    237 80099.781    80139.267    81530.679
Akaike Information Criterion:           GTR+F+ASC+R3
Corrected Akaike Information Criterion: GTR+F+ASC+R3
Bayesian Information Criterion:         TVM+F+ASC+R3
Best-fit model: TVM+F+ASC+R3 chosen according to BIC

All model information printed to bialleliconly_h49_m83_132samples.min125.phy.model.gz
CPU time for ModelFinder: 663.714 seconds (0h:11m:3s)
Wall-clock time for ModelFinder: 677.540 seconds (0h:11m:17s)
Generating 1000 samples for ultrafast bootstrap (seed: 784304)...

NOTE: 46 MB RAM (0 GB) is required!
Estimate model parameters (epsilon = 0.100)
1. Initial log-likelihood: -36458.669
Optimal log-likelihood: -36458.664
Rate parameters:  A-C: 0.66073  A-G: 9.40949  A-T: 1.96978  C-G: 0.77534  C-T: 9.40949  G-T: 1.00000
Base frequencies:  A: 0.193  C: 0.301  G: 0.280  T: 0.226
Site proportion and rates:  (0.734,0.366) (0.232,2.227) (0.034,6.290)
Parameters optimization took 1 rounds (0.287 sec)
Wrote distance file to... 
Computing ML distances based on estimated model parameters...
Calculating distance matrix: done in 0.0802236 secs using 100% CPU
Computing ML distances took 0.081641 sec (of wall-clock time) 0.081642 sec (of CPU time)
Loading distance matrix: done in 0.0065244 secs using 99.96% CPU
Setting up auxiliary I and S matrices: done in 0.000251144 secs using 99.94% CPU
Constructing RapidNJ tree: done in 0.000937313 secs using 99.97% CPU
Computing RapidNJ tree took 0.001210 sec (of wall-clock time) 0.001210 sec (of CPU time)
Log-likelihood of RapidNJ tree: -36952.479
--------------------------------------------------------------------
|             INITIALIZING CANDIDATE TREE SET                      |
--------------------------------------------------------------------
Generating 98 parsimony trees... 4.478 second
Computing log-likelihood of 98 initial trees ... 6.542 seconds
Current best score: -36458.664

Do NNI search on 20 best initial trees
Optimizing NNI: done in 1.11564 secs using 99.82% CPU
Estimate model parameters (epsilon = 0.100)
BETTER TREE FOUND at iteration 1: -36445.690
Optimizing NNI: done in 1.23815 secs using 99.76% CPU
Estimate model parameters (epsilon = 0.100)
BETTER TREE FOUND at iteration 2: -36405.994
Optimizing NNI: done in 1.56293 secs using 99.74% CPU
Estimate model parameters (epsilon = 0.100)
BETTER TREE FOUND at iteration 3: -36398.429
Optimizing NNI: done in 1.14437 secs using 99.56% CPU
Optimizing NNI: done in 1.46914 secs using 99.86% CPU
Optimizing NNI: done in 2.22704 secs using 99.73% CPU
Optimizing NNI: done in 2.12005 secs using 99.72% CPU
Optimizing NNI: done in 1.49156 secs using 99.93% CPU
Optimizing NNI: done in 2.33665 secs using 99.53% CPU
Optimizing NNI: done in 1.62157 secs using 99.75% CPU
Iteration 10 / LogL: -36410.020 / Time: 0h:0m:34s
Optimizing NNI: done in 1.38664 secs using 99.85% CPU
Optimizing NNI: done in 1.96422 secs using 99.64% CPU
Optimizing NNI: done in 1.8049 secs using 99.72% CPU
Optimizing NNI: done in 1.61261 secs using 99.25% CPU
Optimizing NNI: done in 1.75691 secs using 99.83% CPU
Optimizing NNI: done in 1.52368 secs using 99.8% CPU
Optimizing NNI: done in 1.42747 secs using 99.65% CPU
Optimizing NNI: done in 1.39488 secs using 99.78% CPU
Optimizing NNI: done in 1.48703 secs using 99.8% CPU
Optimizing NNI: done in 1.72284 secs using 99.65% CPU
Iteration 20 / LogL: -36438.498 / Time: 0h:0m:50s
Finish initializing candidate tree set (20)
Current best tree score: -36398.429 / CPU time: 45.179
Number of iterations: 20
--------------------------------------------------------------------
|               OPTIMIZING CANDIDATE TREE SET                      |
--------------------------------------------------------------------
Optimizing NNI: done in 1.66578 secs using 99.52% CPU
Estimate model parameters (epsilon = 0.100)
BETTER TREE FOUND at iteration 21: -36380.066
Optimizing NNI: done in 1.79057 secs using 99.61% CPU
Optimizing NNI: done in 1.59933 secs using 99.62% CPU
Estimate model parameters (epsilon = 0.100)
BETTER TREE FOUND at iteration 23: -36379.094
Optimizing NNI: done in 1.68799 secs using 99.58% CPU
Estimate model parameters (epsilon = 0.100)
BETTER TREE FOUND at iteration 24: -36348.207
Optimizing NNI: done in 1.78801 secs using 99.55% CPU
Estimate model parameters (epsilon = 0.100)
BETTER TREE FOUND at iteration 25: -36346.279
Optimizing NNI: done in 1.64327 secs using 99.57% CPU
Optimizing NNI: done in 0.85011 secs using 99.76% CPU
Optimizing NNI: done in 1.5014 secs using 99.73% CPU
Optimizing NNI: done in 1.64045 secs using 99.57% CPU
Estimate model parameters (epsilon = 0.100)
BETTER TREE FOUND at iteration 29: -36345.583
Optimizing NNI: done in 1.47284 secs using 99.59% CPU
Estimate model parameters (epsilon = 0.100)
BETTER TREE FOUND at iteration 30: -36341.464
Iteration 30 / LogL: -36341.464 / Time: 0h:1m:11s (0h:4m:5s left)
Optimizing NNI: done in 1.39415 secs using 99.85% CPU
Optimizing NNI: done in 1.18556 secs using 99.58% CPU
Optimizing NNI: done in 1.50361 secs using 99.2% CPU
Optimizing NNI: done in 1.42671 secs using 99.58% CPU
Estimate model parameters (epsilon = 0.100)
BETTER TREE FOUND at iteration 34: -36336.805
Optimizing NNI: done in 1.27005 secs using 99.21% CPU
Estimate model parameters (epsilon = 0.100)
BETTER TREE FOUND at iteration 35: -36334.133
Optimizing NNI: done in 1.62604 secs using 99.88% CPU
Optimizing NNI: done in 1.62205 secs using 99.63% CPU
Optimizing NNI: done in 1.70048 secs using 99.59% CPU
Optimizing NNI: done in 1.22283 secs using 99.59% CPU
Optimizing NNI: done in 1.10768 secs using 99.73% CPU
Iteration 40 / LogL: -36394.569 / Time: 0h:1m:26s (0h:3m:30s left)
Optimizing NNI: done in 1.4911 secs using 99.73% CPU
Optimizing NNI: done in 1.57375 secs using 99.68% CPU
Optimizing NNI: done in 1.23785 secs using 99.6% CPU
Optimizing NNI: done in 1.55873 secs using 99.81% CPU
Optimizing NNI: done in 0.970664 secs using 99.79% CPU
Optimizing NNI: done in 1.51813 secs using 99.8% CPU
Optimizing NNI: done in 1.28944 secs using 99.22% CPU
Optimizing NNI: done in 1.00236 secs using 99.4% CPU
Optimizing NNI: done in 1.21861 secs using 99.59% CPU
Optimizing NNI: done in 1.45538 secs using 99.86% CPU
Iteration 50 / LogL: -36384.113 / Time: 0h:1m:39s (0h:2m:53s left)
Log-likelihood cutoff on original alignment: -36529.906
Optimizing NNI: done in 1.53776 secs using 99.41% CPU
Optimizing NNI: done in 1.37484 secs using 99.56% CPU
Optimizing NNI: done in 1.60121 secs using 99.44% CPU
Optimizing NNI: done in 1.34499 secs using 99.48% CPU
Optimizing NNI: done in 1.19138 secs using 99.41% CPU
Optimizing NNI: done in 1.20564 secs using 99.67% CPU
Optimizing NNI: done in 1.43081 secs using 98.95% CPU
Optimizing NNI: done in 1.49239 secs using 99.6% CPU
Optimizing NNI: done in 1.64725 secs using 99.76% CPU
Optimizing NNI: done in 1.57473 secs using 99.68% CPU
Iteration 60 / LogL: -36354.093 / Time: 0h:1m:54s (0h:2m:25s left)
Optimizing NNI: done in 1.57279 secs using 99.62% CPU
Optimizing NNI: done in 1.21671 secs using 99.75% CPU
Optimizing NNI: done in 1.2441 secs using 99.76% CPU
Optimizing NNI: done in 1.41825 secs using 99.58% CPU
Optimizing NNI: done in 1.17589 secs using 99.66% CPU
Optimizing NNI: done in 1.46751 secs using 99.72% CPU
Optimizing NNI: done in 1.24048 secs using 99.51% CPU
Optimizing NNI: done in 1.54879 secs using 99.61% CPU
Optimizing NNI: done in 1.2748 secs using 99.29% CPU
Optimizing NNI: done in 1.64602 secs using 99.76% CPU
Iteration 70 / LogL: -36353.564 / Time: 0h:2m:10s (0h:2m:2s left)
Optimizing NNI: done in 1.22165 secs using 99.59% CPU
Optimizing NNI: done in 1.55433 secs using 99.55% CPU
Optimizing NNI: done in 1.35429 secs using 99.78% CPU
Optimizing NNI: done in 1.28961 secs using 99.77% CPU
Optimizing NNI: done in 1.19717 secs using 99.66% CPU
Optimizing NNI: done in 1.27229 secs using 99.37% CPU
Optimizing NNI: done in 1.53751 secs using 99.54% CPU
Optimizing NNI: done in 1.47819 secs using 99.73% CPU
Optimizing NNI: done in 1.52961 secs using 99.67% CPU
Optimizing NNI: done in 1.17816 secs using 99.66% CPU
Iteration 80 / LogL: -36353.957 / Time: 0h:2m:23s (0h:1m:40s left)
Optimizing NNI: done in 1.57637 secs using 99.68% CPU
Optimizing NNI: done in 1.03408 secs using 99.81% CPU
Optimizing NNI: done in 1.54065 secs using 99.74% CPU
Optimizing NNI: done in 1.4567 secs using 99.72% CPU
Optimizing NNI: done in 1.37685 secs using 99.42% CPU
Optimizing NNI: done in 1.49117 secs using 99.8% CPU
Optimizing NNI: done in 1.43991 secs using 99.65% CPU
Optimizing NNI: done in 1.35427 secs using 99.7% CPU
Optimizing NNI: done in 1.45814 secs using 99.72% CPU
Optimizing NNI: done in 1.56359 secs using 99.68% CPU
Iteration 90 / LogL: -36341.267 / Time: 0h:2m:38s (0h:1m:20s left)
Optimizing NNI: done in 1.39926 secs using 99.36% CPU
Optimizing NNI: done in 1.50779 secs using 99.8% CPU
Optimizing NNI: done in 1.3737 secs using 99.64% CPU
Optimizing NNI: done in 1.4112 secs using 99.5% CPU
Optimizing NNI: done in 1.28615 secs using 99.77% CPU
Optimizing NNI: done in 1.90362 secs using 99.63% CPU
Optimizing NNI: done in 1.32909 secs using 99.55% CPU
Optimizing NNI: done in 1.55738 secs using 99.61% CPU
Optimizing NNI: done in 1.31913 secs using 99.7% CPU
Optimizing NNI: done in 1.52322 secs using 99.47% CPU
Iteration 100 / LogL: -36349.352 / Time: 0h:2m:53s (0h:1m:1s left)
Log-likelihood cutoff on original alignment: -36529.906
NOTE: Bootstrap correlation coefficient of split occurrence frequencies: 0.994
Optimizing NNI: done in 1.2182 secs using 99.75% CPU
Optimizing NNI: done in 1.46353 secs using 99.45% CPU
Optimizing NNI: done in 1.45257 secs using 99.45% CPU
Optimizing NNI: done in 1.52607 secs using 99.87% CPU
Optimizing NNI: done in 1.16717 secs using 99.4% CPU
Optimizing NNI: done in 1.36563 secs using 99.71% CPU
Optimizing NNI: done in 1.61163 secs using 99.5% CPU
Optimizing NNI: done in 1.64998 secs using 99.88% CPU
Optimizing NNI: done in 1.3968 secs using 99.57% CPU
Optimizing NNI: done in 1.2873 secs using 99.69% CPU
Iteration 110 / LogL: -36382.213 / Time: 0h:3m:8s (0h:2m:35s left)
Optimizing NNI: done in 1.30381 secs using 99.54% CPU
Optimizing NNI: done in 1.58163 secs using 99.62% CPU
Optimizing NNI: done in 1.29449 secs using 99.61% CPU
Optimizing NNI: done in 1.57257 secs using 99.68% CPU
Optimizing NNI: done in 1.32685 secs using 99.77% CPU
Optimizing NNI: done in 1.41759 secs using 99.79% CPU
Optimizing NNI: done in 1.26796 secs using 99.44% CPU
Optimizing NNI: done in 1.42392 secs using 99.57% CPU
Optimizing NNI: done in 1.24247 secs using 99.75% CPU
Optimizing NNI: done in 1.46461 secs using 99.65% CPU
Iteration 120 / LogL: -36381.905 / Time: 0h:3m:23s (0h:2m:16s left)
Optimizing NNI: done in 1.35746 secs using 99.4% CPU
Optimizing NNI: done in 1.51225 secs using 99.73% CPU
Optimizing NNI: done in 1.32152 secs using 99.84% CPU
Optimizing NNI: done in 1.56045 secs using 99.48% CPU
Optimizing NNI: done in 1.37097 secs using 99.41% CPU
Optimizing NNI: done in 1.27174 secs using 99.52% CPU
Optimizing NNI: done in 1.33813 secs using 99.47% CPU
Optimizing NNI: done in 1.40724 secs using 99.71% CPU
Optimizing NNI: done in 1.56521 secs using 99.42% CPU
Optimizing NNI: done in 1.50447 secs using 99.79% CPU
Iteration 130 / LogL: -36342.745 / Time: 0h:3m:37s (0h:1m:58s left)
Optimizing NNI: done in 1.29376 secs using 99.99% CPU
Optimizing NNI: done in 1.28269 secs using 99.45% CPU
Optimizing NNI: done in 1.42971 secs using 99.71% CPU
Optimizing NNI: done in 1.09875 secs using 99.54% CPU
Optimizing NNI: done in 1.37323 secs using 99.63% CPU
Optimizing NNI: done in 1.31283 secs using 99.46% CPU
TREE SEARCH COMPLETED AFTER 136 ITERATIONS / Time: 0h:3m:45s

--------------------------------------------------------------------
|                    FINALIZING TREE SEARCH                        |
--------------------------------------------------------------------
Performs final model parameters optimization
Estimate model parameters (epsilon = 0.010)
1. Initial log-likelihood: -36334.133
2. Current log-likelihood: -36334.121
3. Current log-likelihood: -36334.111
Optimal log-likelihood: -36334.101
Rate parameters:  A-C: 0.66163  A-G: 9.53436  A-T: 1.96416  C-G: 0.78169  C-T: 9.53436  G-T: 1.00000
Base frequencies:  A: 0.193  C: 0.301  G: 0.280  T: 0.226
Site proportion and rates:  (0.747,0.375) (0.227,2.370) (0.026,6.984)
Parameters optimization took 3 rounds (0.733 sec)
BEST SCORE FOUND : -36334.101

Testing tree branches by SH-like aLRT with 1000 replicates...
5.589 sec.
Creating bootstrap support values...
Split supports printed to NEXUS file bialleliconly_h49_m83_132samples.min125.phy.splits.nex
Total tree length: 1.538

Total number of iterations: 136
CPU time used for tree search: 214.262 sec (0h:3m:34s)
Wall-clock time used for tree search: 220.037 sec (0h:3m:40s)
Total CPU time used: 222.114 sec (0h:3m:42s)
Total wall-clock time used: 232.015 sec (0h:3m:52s)

Computing bootstrap consensus tree...
Reading input file bialleliconly_h49_m83_132samples.min125.phy.splits.nex...
117 taxa and 1046 splits.
Consensus tree written to bialleliconly_h49_m83_132samples.min125.phy.contree
Reading input trees file bialleliconly_h49_m83_132samples.min125.phy.contree
Log-likelihood of consensus tree: -36337.266

Analysis results written to: 
  IQ-TREE report:                bialleliconly_h49_m83_132samples.min125.phy.iqtree
  Maximum-likelihood tree:       bialleliconly_h49_m83_132samples.min125.phy.treefile
  Likelihood distances:          bialleliconly_h49_m83_132samples.min125.phy.mldist

Ultrafast bootstrap approximation results written to:
  Split support values:          bialleliconly_h49_m83_132samples.min125.phy.splits.nex
  Consensus tree:                bialleliconly_h49_m83_132samples.min125.phy.contree
  Screen log file:               bialleliconly_h49_m83_132samples.min125.phy.log

Date and Time: Wed Nov  5 22:10:04 2025
